[1.731s] Invoking command in '/home/user/ros2_ws/src/nav2_pkgs/map_server': PYTHONPATH=/home/user/ros2_ws/build/map_server/prefix_override:/home/user/ros2_ws/install/map_server/lib/python3.10/site-packages:${PYTHONPATH} _=/usr/bin/env /usr/bin/python3 setup.py egg_info --egg-base ../../../build/map_server build --build-base /home/user/ros2_ws/build/map_server/build install --record /home/user/ros2_ws/build/map_server/install.log --single-version-externally-managed
[2.022s] running egg_info
[2.022s] writing ../../../build/map_server/map_server.egg-info/PKG-INFO
[2.023s] writing dependency_links to ../../../build/map_server/map_server.egg-info/dependency_links.txt
[2.023s] writing entry points to ../../../build/map_server/map_server.egg-info/entry_points.txt
[2.023s] writing requirements to ../../../build/map_server/map_server.egg-info/requires.txt
[2.023s] writing top-level names to ../../../build/map_server/map_server.egg-info/top_level.txt
[2.025s] reading manifest file '../../../build/map_server/map_server.egg-info/SOURCES.txt'
[2.026s] writing manifest file '../../../build/map_server/map_server.egg-info/SOURCES.txt'
[2.026s] running build
[2.026s] running build_py
[2.026s] running install
[2.026s] running install_lib
[2.027s] running install_data
[2.028s] running install_egg_info
[2.030s] removing '/home/user/ros2_ws/install/map_server/lib/python3.10/site-packages/map_server-0.0.0-py3.10.egg-info' (and everything under it)
[2.030s] Copying ../../../build/map_server/map_server.egg-info to /home/user/ros2_ws/install/map_server/lib/python3.10/site-packages/map_server-0.0.0-py3.10.egg-info
[2.031s] running install_scripts
[2.055s] writing list of installed files to '/home/user/ros2_ws/build/map_server/install.log'
[2.081s] Invoked command in '/home/user/ros2_ws/src/nav2_pkgs/map_server' returned '0': PYTHONPATH=/home/user/ros2_ws/build/map_server/prefix_override:/home/user/ros2_ws/install/map_server/lib/python3.10/site-packages:${PYTHONPATH} _=/usr/bin/env /usr/bin/python3 setup.py egg_info --egg-base ../../../build/map_server build --build-base /home/user/ros2_ws/build/map_server/build install --record /home/user/ros2_ws/build/map_server/install.log --single-version-externally-managed
