-- Found ament_cmake: 1.3.4 (/opt/ros/humble/share/ament_cmake/cmake)
-- Found rclcpp: 16.0.4 (/opt/ros/humble/share/rclcpp/cmake)
-- Found rosidl_generator_c: 3.1.4 (/opt/ros/humble/share/rosidl_generator_c/cmake)
-- Found rosidl_adapter: 3.1.4 (/opt/ros/humble/share/rosidl_adapter/cmake)
-- Found rosidl_generator_cpp: 3.1.4 (/opt/ros/humble/share/rosidl_generator_cpp/cmake)
-- Using all available rosidl_typesupport_c: rosidl_typesupport_fastrtps_c;rosidl_typesupport_introspection_c
-- Using all available rosidl_typesupport_cpp: rosidl_typesupport_fastrtps_cpp;rosidl_typesupport_introspection_cpp
-- Found rmw_implementation_cmake: 6.1.1 (/opt/ros/humble/share/rmw_implementation_cmake/cmake)
-- Found rmw_fastrtps_cpp: 6.2.2 (/opt/ros/humble/share/rmw_fastrtps_cpp/cmake)
-- Using RMW implementation 'rmw_fastrtps_cpp' as default
-- Found geometry_msgs: 4.2.3 (/opt/ros/humble/share/geometry_msgs/cmake)
-- Found nav2_costmap_2d: 1.1.6 (/opt/ros/humble/share/nav2_costmap_2d/cmake)
-- Ensuring Eigen3 include directory is part of orocos-kdl CMake target
-- Found nav2_core: 1.1.6 (/opt/ros/humble/share/nav2_core/cmake)
-- Found ament_lint_auto: 0.12.6 (/opt/ros/humble/share/ament_lint_auto/cmake)
-- Added test 'copyright' to check source files copyright and LICENSE
-- Added test 'cppcheck' to perform static code analysis on C / C++ code
-- Configured cppcheck include dirs: /home/user/ros2_ws/src/custom_nav2_controller_plugin/include
-- Configured cppcheck exclude dirs and/or files: 
-- Added test 'cpplint' to check C / C++ code against the Google style
-- Configured cpplint exclude dirs and/or files: 
-- Added test 'lint_cmake' to check CMake code style
-- Added test 'uncrustify' to check C / C++ code style
-- Configured uncrustify additional arguments: 
-- Added test 'xmllint' to check XML markup files
-- Configuring done
-- Generating done
-- Build files have been written to: /home/user/ros2_ws/build/custom_nav2_controller_plugin
[ 50%] [32mBuilding CXX object CMakeFiles/custom_pursuit_controller_plugin_core.dir/src/regulated_pure_pursuit_controller.cpp.o[0m
[100%] [32m[1mLinking CXX shared library libcustom_pursuit_controller_plugin_core.so[0m
[100%] Built target custom_pursuit_controller_plugin_core
-- Install configuration: ""
-- Installing: /home/user/ros2_ws/install/custom_nav2_controller_plugin/lib/libcustom_pursuit_controller_plugin_core.so
-- Set runtime path of "/home/user/ros2_ws/install/custom_nav2_controller_plugin/lib/libcustom_pursuit_controller_plugin_core.so" to ""
-- Installing: /home/user/ros2_ws/install/custom_nav2_controller_plugin/include/
-- Installing: /home/user/ros2_ws/install/custom_nav2_controller_plugin/include//custom_nav2_controller_plugin
-- Installing: /home/user/ros2_ws/install/custom_nav2_controller_plugin/include//custom_nav2_controller_plugin/regulated_pure_pursuit_controller.hpp
-- Installing: /home/user/ros2_ws/install/custom_nav2_controller_plugin/share/custom_nav2_controller_plugin/environment/library_path.sh
-- Installing: /home/user/ros2_ws/install/custom_nav2_controller_plugin/share/custom_nav2_controller_plugin/environment/library_path.dsv
-- Installing: /home/user/ros2_ws/install/custom_nav2_controller_plugin/share/custom_nav2_controller_plugin/regulated_pure_pursuit_controller_info.xml
-- Up-to-date: /home/user/ros2_ws/install/custom_nav2_controller_plugin/share/ament_index/resource_index/package_run_dependencies/custom_nav2_controller_plugin
-- Up-to-date: /home/user/ros2_ws/install/custom_nav2_controller_plugin/share/ament_index/resource_index/parent_prefix_path/custom_nav2_controller_plugin
-- Up-to-date: /home/user/ros2_ws/install/custom_nav2_controller_plugin/share/custom_nav2_controller_plugin/environment/ament_prefix_path.sh
-- Installing: /home/user/ros2_ws/install/custom_nav2_controller_plugin/share/custom_nav2_controller_plugin/environment/ament_prefix_path.dsv
-- Up-to-date: /home/user/ros2_ws/install/custom_nav2_controller_plugin/share/custom_nav2_controller_plugin/environment/path.sh
-- Installing: /home/user/ros2_ws/install/custom_nav2_controller_plugin/share/custom_nav2_controller_plugin/environment/path.dsv
-- Up-to-date: /home/user/ros2_ws/install/custom_nav2_controller_plugin/share/custom_nav2_controller_plugin/local_setup.bash
-- Installing: /home/user/ros2_ws/install/custom_nav2_controller_plugin/share/custom_nav2_controller_plugin/local_setup.sh
-- Up-to-date: /home/user/ros2_ws/install/custom_nav2_controller_plugin/share/custom_nav2_controller_plugin/local_setup.zsh
-- Installing: /home/user/ros2_ws/install/custom_nav2_controller_plugin/share/custom_nav2_controller_plugin/local_setup.dsv
-- Installing: /home/user/ros2_ws/install/custom_nav2_controller_plugin/share/custom_nav2_controller_plugin/package.dsv
-- Up-to-date: /home/user/ros2_ws/install/custom_nav2_controller_plugin/share/ament_index/resource_index/packages/custom_nav2_controller_plugin
-- Installing: /home/user/ros2_ws/install/custom_nav2_controller_plugin/share/ament_index/resource_index/nav2_core__pluginlib__plugin/custom_nav2_controller_plugin
-- Installing: /home/user/ros2_ws/install/custom_nav2_controller_plugin/share/custom_nav2_controller_plugin/cmake/ament_cmake_export_include_directories-extras.cmake
-- Installing: /home/user/ros2_ws/install/custom_nav2_controller_plugin/share/custom_nav2_controller_plugin/cmake/ament_cmake_export_libraries-extras.cmake
-- Installing: /home/user/ros2_ws/install/custom_nav2_controller_plugin/share/custom_nav2_controller_plugin/cmake/ament_cmake_export_dependencies-extras.cmake
-- Installing: /home/user/ros2_ws/install/custom_nav2_controller_plugin/share/custom_nav2_controller_plugin/cmake/custom_nav2_controller_pluginConfig.cmake
-- Up-to-date: /home/user/ros2_ws/install/custom_nav2_controller_plugin/share/custom_nav2_controller_plugin/cmake/custom_nav2_controller_pluginConfig-version.cmake
-- Installing: /home/user/ros2_ws/install/custom_nav2_controller_plugin/share/custom_nav2_controller_plugin/package.xml
