[35m[1mConsolidate compiler generated dependencies of target my_custom_costmap_core[0m
[ 50%] Built target custom_nav2_costmap_plugin_core
[100%] Built target my_custom_costmap_core
-- Install configuration: ""
-- Up-to-date: /home/user/ros2_ws/install/custom_nav2_costmap_plugin/lib/libcustom_nav2_costmap_plugin_core.so
-- Up-to-date: /home/user/ros2_ws/install/custom_nav2_costmap_plugin/lib/libmy_custom_costmap_core.so
-- Up-to-date: /home/user/ros2_ws/install/custom_nav2_costmap_plugin/share/custom_nav2_costmap_plugin/gradient_layer.xml
-- Up-to-date: /home/user/ros2_ws/install/custom_nav2_costmap_plugin/share/custom_nav2_costmap_plugin/my_custom_costmap_plugininfo.xml
-- Up-to-date: /home/user/ros2_ws/install/custom_nav2_costmap_plugin/share/ament_index/resource_index/package_run_dependencies/custom_nav2_costmap_plugin
-- Up-to-date: /home/user/ros2_ws/install/custom_nav2_costmap_plugin/share/ament_index/resource_index/parent_prefix_path/custom_nav2_costmap_plugin
-- Up-to-date: /home/user/ros2_ws/install/custom_nav2_costmap_plugin/share/custom_nav2_costmap_plugin/environment/ament_prefix_path.sh
-- Up-to-date: /home/user/ros2_ws/install/custom_nav2_costmap_plugin/share/custom_nav2_costmap_plugin/environment/ament_prefix_path.dsv
-- Up-to-date: /home/user/ros2_ws/install/custom_nav2_costmap_plugin/share/custom_nav2_costmap_plugin/environment/path.sh
-- Up-to-date: /home/user/ros2_ws/install/custom_nav2_costmap_plugin/share/custom_nav2_costmap_plugin/environment/path.dsv
-- Up-to-date: /home/user/ros2_ws/install/custom_nav2_costmap_plugin/share/custom_nav2_costmap_plugin/local_setup.bash
-- Up-to-date: /home/user/ros2_ws/install/custom_nav2_costmap_plugin/share/custom_nav2_costmap_plugin/local_setup.sh
-- Up-to-date: /home/user/ros2_ws/install/custom_nav2_costmap_plugin/share/custom_nav2_costmap_plugin/local_setup.zsh
-- Up-to-date: /home/user/ros2_ws/install/custom_nav2_costmap_plugin/share/custom_nav2_costmap_plugin/local_setup.dsv
-- Installing: /home/user/ros2_ws/install/custom_nav2_costmap_plugin/share/custom_nav2_costmap_plugin/package.dsv
-- Up-to-date: /home/user/ros2_ws/install/custom_nav2_costmap_plugin/share/ament_index/resource_index/packages/custom_nav2_costmap_plugin
-- Up-to-date: /home/user/ros2_ws/install/custom_nav2_costmap_plugin/share/ament_index/resource_index/nav2_costmap_2d__pluginlib__plugin/custom_nav2_costmap_plugin
-- Up-to-date: /home/user/ros2_ws/install/custom_nav2_costmap_plugin/share/custom_nav2_costmap_plugin/cmake/custom_nav2_costmap_pluginConfig.cmake
-- Up-to-date: /home/user/ros2_ws/install/custom_nav2_costmap_plugin/share/custom_nav2_costmap_plugin/cmake/custom_nav2_costmap_pluginConfig-version.cmake
-- Up-to-date: /home/user/ros2_ws/install/custom_nav2_costmap_plugin/share/custom_nav2_costmap_plugin/package.xml
