[1.674s] Invoking command in '/home/user/ros2_ws/src/nav2_pkgs/path_planner_server': PYTHONPATH=/home/user/ros2_ws/build/path_planner_server/prefix_override:/home/user/ros2_ws/install/path_planner_server/lib/python3.10/site-packages:${PYTHONPATH} _=/usr/bin/env /usr/bin/python3 setup.py egg_info --egg-base ../../../build/path_planner_server build --build-base /home/user/ros2_ws/build/path_planner_server/build install --record /home/user/ros2_ws/build/path_planner_server/install.log --single-version-externally-managed
[2.078s] running egg_info
[2.079s] writing ../../../build/path_planner_server/path_planner_server.egg-info/PKG-INFO
[2.079s] writing dependency_links to ../../../build/path_planner_server/path_planner_server.egg-info/dependency_links.txt
[2.079s] writing entry points to ../../../build/path_planner_server/path_planner_server.egg-info/entry_points.txt
[2.079s] writing requirements to ../../../build/path_planner_server/path_planner_server.egg-info/requires.txt
[2.079s] writing top-level names to ../../../build/path_planner_server/path_planner_server.egg-info/top_level.txt
[2.081s] reading manifest file '../../../build/path_planner_server/path_planner_server.egg-info/SOURCES.txt'
[2.082s] writing manifest file '../../../build/path_planner_server/path_planner_server.egg-info/SOURCES.txt'
[2.082s] running build
[2.082s] running build_py
[2.083s] running install
[2.083s] running install_lib
[2.084s] running install_data
[2.084s] copying launch/pathplanner_straightlineplanner_plugin.launch.py -> /home/user/ros2_ws/install/path_planner_server/share/path_planner_server/launch
[2.085s] running install_egg_info
[2.086s] removing '/home/user/ros2_ws/install/path_planner_server/lib/python3.10/site-packages/path_planner_server-0.0.0-py3.10.egg-info' (and everything under it)
[2.087s] Copying ../../../build/path_planner_server/path_planner_server.egg-info to /home/user/ros2_ws/install/path_planner_server/lib/python3.10/site-packages/path_planner_server-0.0.0-py3.10.egg-info
[2.088s] running install_scripts
[2.108s] writing list of installed files to '/home/user/ros2_ws/build/path_planner_server/install.log'
[2.134s] Invoked command in '/home/user/ros2_ws/src/nav2_pkgs/path_planner_server' returned '0': PYTHONPATH=/home/user/ros2_ws/build/path_planner_server/prefix_override:/home/user/ros2_ws/install/path_planner_server/lib/python3.10/site-packages:${PYTHONPATH} _=/usr/bin/env /usr/bin/python3 setup.py egg_info --egg-base ../../../build/path_planner_server build --build-base /home/user/ros2_ws/build/path_planner_server/build install --record /home/user/ros2_ws/build/path_planner_server/install.log --single-version-externally-managed
