[0.137s] Invoking command in '/home/user/ros2_ws/build/custom_nav2_controller_plugin': _=/usr/bin/env /usr/bin/cmake /home/user/ros2_ws/src/custom_nav2_controller_plugin -DCMAKE_INSTALL_PREFIX=/home/user/ros2_ws/install/custom_nav2_controller_plugin
[8.122s] -- The C compiler identification is GNU 11.3.0
[12.154s] -- The CXX compiler identification is GNU 11.3.0
[12.268s] -- Detecting C compiler ABI info
[12.595s] -- Detecting C compiler ABI info - done
[12.603s] -- Check for working C compiler: /usr/bin/cc - skipped
[12.603s] -- Detecting C compile features
[12.744s] -- Detecting C compile features - done
[12.751s] -- Detecting CXX compiler ABI info
[13.039s] -- Detecting CXX compiler ABI info - done
[13.047s] -- Check for working CXX compiler: /usr/bin/c++ - skipped
[13.048s] -- Detecting CXX compile features
[13.048s] -- Detecting CXX compile features - done
[13.057s] -- Found ament_cmake: 1.3.4 (/opt/ros/humble/share/ament_cmake/cmake)
[13.511s] -- Found Python3: /usr/bin/python3.10 (found version "3.10.6") found components: Interpreter 
[13.767s] -- Found rclcpp: 16.0.4 (/opt/ros/humble/share/rclcpp/cmake)
[13.946s] -- Found rosidl_generator_c: 3.1.4 (/opt/ros/humble/share/rosidl_generator_c/cmake)
[13.959s] -- Found rosidl_adapter: 3.1.4 (/opt/ros/humble/share/rosidl_adapter/cmake)
[13.979s] -- Found rosidl_generator_cpp: 3.1.4 (/opt/ros/humble/share/rosidl_generator_cpp/cmake)
[14.008s] -- Using all available rosidl_typesupport_c: rosidl_typesupport_fastrtps_c;rosidl_typesupport_introspection_c
[14.045s] -- Using all available rosidl_typesupport_cpp: rosidl_typesupport_fastrtps_cpp;rosidl_typesupport_introspection_cpp
[14.165s] -- Found rmw_implementation_cmake: 6.1.1 (/opt/ros/humble/share/rmw_implementation_cmake/cmake)
[14.173s] -- Found rmw_fastrtps_cpp: 6.2.2 (/opt/ros/humble/share/rmw_fastrtps_cpp/cmake)
[14.544s] -- Found OpenSSL: /usr/lib/x86_64-linux-gnu/libcrypto.so (found version "3.0.2")  
[14.583s] -- Found FastRTPS: /opt/ros/humble/include  
[14.645s] -- Using RMW implementation 'rmw_fastrtps_cpp' as default
[14.735s] -- Looking for pthread.h
[15.573s] -- Looking for pthread.h - found
[15.573s] -- Performing Test CMAKE_HAVE_LIBC_PTHREAD
[15.641s] -- Performing Test CMAKE_HAVE_LIBC_PTHREAD - Success
[15.643s] -- Found Threads: TRUE  
[16.237s] -- Found geometry_msgs: 4.2.3 (/opt/ros/humble/share/geometry_msgs/cmake)
[16.297s] -- Found nav2_costmap_2d: 1.1.6 (/opt/ros/humble/share/nav2_costmap_2d/cmake)
[18.070s] -- Found Eigen3: TRUE (found version "3.4.0") 
[18.071s] -- Ensuring Eigen3 include directory is part of orocos-kdl CMake target
[19.521s] -- Found nav2_core: 1.1.6 (/opt/ros/humble/share/nav2_core/cmake)
[20.491s] -- Found ament_lint_auto: 0.12.6 (/opt/ros/humble/share/ament_lint_auto/cmake)
[20.639s] -- Added test 'lint_cmake' to check CMake code style
[20.642s] -- Added test 'xmllint' to check XML markup files
[20.645s] -- Configuring done
[20.656s] -- Generating done
[20.660s] -- Build files have been written to: /home/user/ros2_ws/build/custom_nav2_controller_plugin
[20.677s] Invoked command in '/home/user/ros2_ws/build/custom_nav2_controller_plugin' returned '0': _=/usr/bin/env /usr/bin/cmake /home/user/ros2_ws/src/custom_nav2_controller_plugin -DCMAKE_INSTALL_PREFIX=/home/user/ros2_ws/install/custom_nav2_controller_plugin
[20.680s] Invoking command in '/home/user/ros2_ws/build/custom_nav2_controller_plugin': _=/usr/bin/env /usr/bin/cmake --build /home/user/ros2_ws/build/custom_nav2_controller_plugin -- -j8 -l8
[20.727s] Invoked command in '/home/user/ros2_ws/build/custom_nav2_controller_plugin' returned '0': _=/usr/bin/env /usr/bin/cmake --build /home/user/ros2_ws/build/custom_nav2_controller_plugin -- -j8 -l8
[20.763s] Invoking command in '/home/user/ros2_ws/build/custom_nav2_controller_plugin': _=/usr/bin/env /usr/bin/cmake --install /home/user/ros2_ws/build/custom_nav2_controller_plugin
[20.770s] -- Install configuration: ""
[20.770s] -- Installing: /home/user/ros2_ws/install/custom_nav2_controller_plugin/share/ament_index/resource_index/package_run_dependencies/custom_nav2_controller_plugin
[20.770s] -- Installing: /home/user/ros2_ws/install/custom_nav2_controller_plugin/share/ament_index/resource_index/parent_prefix_path/custom_nav2_controller_plugin
[20.770s] -- Installing: /home/user/ros2_ws/install/custom_nav2_controller_plugin/share/custom_nav2_controller_plugin/environment/ament_prefix_path.sh
[20.770s] -- Installing: /home/user/ros2_ws/install/custom_nav2_controller_plugin/share/custom_nav2_controller_plugin/environment/ament_prefix_path.dsv
[20.770s] -- Installing: /home/user/ros2_ws/install/custom_nav2_controller_plugin/share/custom_nav2_controller_plugin/environment/path.sh
[20.771s] -- Installing: /home/user/ros2_ws/install/custom_nav2_controller_plugin/share/custom_nav2_controller_plugin/environment/path.dsv
[20.771s] -- Installing: /home/user/ros2_ws/install/custom_nav2_controller_plugin/share/custom_nav2_controller_plugin/local_setup.bash
[20.771s] -- Installing: /home/user/ros2_ws/install/custom_nav2_controller_plugin/share/custom_nav2_controller_plugin/local_setup.sh
[20.771s] -- Installing: /home/user/ros2_ws/install/custom_nav2_controller_plugin/share/custom_nav2_controller_plugin/local_setup.zsh
[20.771s] -- Installing: /home/user/ros2_ws/install/custom_nav2_controller_plugin/share/custom_nav2_controller_plugin/local_setup.dsv
[20.771s] -- Installing: /home/user/ros2_ws/install/custom_nav2_controller_plugin/share/custom_nav2_controller_plugin/package.dsv
[20.772s] -- Installing: /home/user/ros2_ws/install/custom_nav2_controller_plugin/share/ament_index/resource_index/packages/custom_nav2_controller_plugin
[20.772s] -- Installing: /home/user/ros2_ws/install/custom_nav2_controller_plugin/share/custom_nav2_controller_plugin/cmake/custom_nav2_controller_pluginConfig.cmake
[20.772s] -- Installing: /home/user/ros2_ws/install/custom_nav2_controller_plugin/share/custom_nav2_controller_plugin/cmake/custom_nav2_controller_pluginConfig-version.cmake
[20.772s] -- Installing: /home/user/ros2_ws/install/custom_nav2_controller_plugin/share/custom_nav2_controller_plugin/package.xml
[20.774s] Invoked command in '/home/user/ros2_ws/build/custom_nav2_controller_plugin' returned '0': _=/usr/bin/env /usr/bin/cmake --install /home/user/ros2_ws/build/custom_nav2_controller_plugin
