[35m[1mConsolidate compiler generated dependencies of target straight_line_planner_core[0m
[100%] Built target straight_line_planner_core
-- Install configuration: ""
-- Up-to-date: /home/user/ros2_ws/install/custom_nav2_planner_plugin/share/custom_nav2_planner_plugin/straight_line_plugin_info.xml
-- Up-to-date: /home/user/ros2_ws/install/custom_nav2_planner_plugin/lib/libstraight_line_planner_core.so
-- Up-to-date: /home/user/ros2_ws/install/custom_nav2_planner_plugin/include/
-- Up-to-date: /home/user/ros2_ws/install/custom_nav2_planner_plugin/include//custom_nav2_planner_plugin
-- Up-to-date: /home/user/ros2_ws/install/custom_nav2_planner_plugin/include//custom_nav2_planner_plugin/straight_line_planner.hpp
-- Up-to-date: /home/user/ros2_ws/install/custom_nav2_planner_plugin/share/custom_nav2_planner_plugin/environment/library_path.sh
-- Up-to-date: /home/user/ros2_ws/install/custom_nav2_planner_plugin/share/custom_nav2_planner_plugin/environment/library_path.dsv
-- Up-to-date: /home/user/ros2_ws/install/custom_nav2_planner_plugin/share/ament_index/resource_index/package_run_dependencies/custom_nav2_planner_plugin
-- Up-to-date: /home/user/ros2_ws/install/custom_nav2_planner_plugin/share/ament_index/resource_index/parent_prefix_path/custom_nav2_planner_plugin
-- Up-to-date: /home/user/ros2_ws/install/custom_nav2_planner_plugin/share/custom_nav2_planner_plugin/environment/ament_prefix_path.sh
-- Up-to-date: /home/user/ros2_ws/install/custom_nav2_planner_plugin/share/custom_nav2_planner_plugin/environment/ament_prefix_path.dsv
-- Up-to-date: /home/user/ros2_ws/install/custom_nav2_planner_plugin/share/custom_nav2_planner_plugin/environment/path.sh
-- Up-to-date: /home/user/ros2_ws/install/custom_nav2_planner_plugin/share/custom_nav2_planner_plugin/environment/path.dsv
-- Up-to-date: /home/user/ros2_ws/install/custom_nav2_planner_plugin/share/custom_nav2_planner_plugin/local_setup.bash
-- Up-to-date: /home/user/ros2_ws/install/custom_nav2_planner_plugin/share/custom_nav2_planner_plugin/local_setup.sh
-- Up-to-date: /home/user/ros2_ws/install/custom_nav2_planner_plugin/share/custom_nav2_planner_plugin/local_setup.zsh
-- Up-to-date: /home/user/ros2_ws/install/custom_nav2_planner_plugin/share/custom_nav2_planner_plugin/local_setup.dsv
-- Installing: /home/user/ros2_ws/install/custom_nav2_planner_plugin/share/custom_nav2_planner_plugin/package.dsv
-- Up-to-date: /home/user/ros2_ws/install/custom_nav2_planner_plugin/share/ament_index/resource_index/packages/custom_nav2_planner_plugin
-- Up-to-date: /home/user/ros2_ws/install/custom_nav2_planner_plugin/share/ament_index/resource_index/nav2_core__pluginlib__plugin/custom_nav2_planner_plugin
-- Up-to-date: /home/user/ros2_ws/install/custom_nav2_planner_plugin/share/custom_nav2_planner_plugin/cmake/ament_cmake_export_include_directories-extras.cmake
-- Up-to-date: /home/user/ros2_ws/install/custom_nav2_planner_plugin/share/custom_nav2_planner_plugin/cmake/ament_cmake_export_libraries-extras.cmake
-- Up-to-date: /home/user/ros2_ws/install/custom_nav2_planner_plugin/share/custom_nav2_planner_plugin/cmake/ament_cmake_export_dependencies-extras.cmake
-- Up-to-date: /home/user/ros2_ws/install/custom_nav2_planner_plugin/share/custom_nav2_planner_plugin/cmake/custom_nav2_planner_pluginConfig.cmake
-- Up-to-date: /home/user/ros2_ws/install/custom_nav2_planner_plugin/share/custom_nav2_planner_plugin/cmake/custom_nav2_planner_pluginConfig-version.cmake
-- Up-to-date: /home/user/ros2_ws/install/custom_nav2_planner_plugin/share/custom_nav2_planner_plugin/package.xml
