/home/user/ros2_ws/install/path_planner_server/lib/python3.10/site-packages/path_planner_server/__init__.py
/home/user/ros2_ws/install/path_planner_server/lib/python3.10/site-packages/path_planner_server/__pycache__/__init__.cpython-310.pyc
/home/user/ros2_ws/install/path_planner_server/share/ament_index/resource_index/packages/path_planner_server
/home/user/ros2_ws/install/path_planner_server/share/path_planner_server/package.xml
/home/user/ros2_ws/install/path_planner_server/share/path_planner_server/launch/pathplanner_straightlineplanner_plugin.launch.py
/home/user/ros2_ws/install/path_planner_server/share/path_planner_server/launch/pathplanner_custom_costmap_plugin.launch.py
/home/user/ros2_ws/install/path_planner_server/share/path_planner_server/launch/pathplanner.launch.py
/home/user/ros2_ws/install/path_planner_server/share/path_planner_server/launch/navigation.launch.py
/home/user/ros2_ws/install/path_planner_server/share/path_planner_server/launch/pathplanner_custom_crazy_costmap.launch.py
/home/user/ros2_ws/install/path_planner_server/share/path_planner_server/launch/neobotix_navigation.launch.py
/home/user/ros2_ws/install/path_planner_server/share/path_planner_server/launch/pathplanner_purepursuit_controller_plugin.launch.py
/home/user/ros2_ws/install/path_planner_server/share/path_planner_server/launch/low_battery.launch.py
/home/user/ros2_ws/install/path_planner_server/share/path_planner_server/config/controller.yaml
/home/user/ros2_ws/install/path_planner_server/share/path_planner_server/config/recovery.yaml
/home/user/ros2_ws/install/path_planner_server/share/path_planner_server/config/planner_server.yaml
/home/user/ros2_ws/install/path_planner_server/share/path_planner_server/config/low_battery_controller.yaml
/home/user/ros2_ws/install/path_planner_server/share/path_planner_server/config/low_battery_planner_server.yaml
/home/user/ros2_ws/install/path_planner_server/share/path_planner_server/config/bt_navigator.yaml
/home/user/ros2_ws/install/path_planner_server/share/path_planner_server/config/filters.yaml
/home/user/ros2_ws/install/path_planner_server/share/path_planner_server/config/neobotix_controller.yaml
/home/user/ros2_ws/install/path_planner_server/share/path_planner_server/config/neobotix_planner_server.yaml
/home/user/ros2_ws/install/path_planner_server/share/path_planner_server/config/waypoint_follower.yaml
/home/user/ros2_ws/install/path_planner_server/share/path_planner_server/custom_costmap/controller.yaml
/home/user/ros2_ws/install/path_planner_server/share/path_planner_server/custom_costmap/planner_server.yaml
/home/user/ros2_ws/install/path_planner_server/share/path_planner_server/my_custom_crazy_costmap/controller.yaml
/home/user/ros2_ws/install/path_planner_server/share/path_planner_server/my_custom_crazy_costmap/planner_server.yaml
/home/user/ros2_ws/install/path_planner_server/share/path_planner_server/config/straightline_planner/planner_server.yaml
/home/user/ros2_ws/install/path_planner_server/share/path_planner_server/config/pure_pursuit_controller/controller.yaml
/home/user/ros2_ws/install/path_planner_server/lib/python3.10/site-packages/path_planner_server-0.0.0-py3.10.egg-info/PKG-INFO
/home/user/ros2_ws/install/path_planner_server/lib/python3.10/site-packages/path_planner_server-0.0.0-py3.10.egg-info/zip-safe
/home/user/ros2_ws/install/path_planner_server/lib/python3.10/site-packages/path_planner_server-0.0.0-py3.10.egg-info/top_level.txt
/home/user/ros2_ws/install/path_planner_server/lib/python3.10/site-packages/path_planner_server-0.0.0-py3.10.egg-info/requires.txt
/home/user/ros2_ws/install/path_planner_server/lib/python3.10/site-packages/path_planner_server-0.0.0-py3.10.egg-info/entry_points.txt
/home/user/ros2_ws/install/path_planner_server/lib/python3.10/site-packages/path_planner_server-0.0.0-py3.10.egg-info/SOURCES.txt
/home/user/ros2_ws/install/path_planner_server/lib/python3.10/site-packages/path_planner_server-0.0.0-py3.10.egg-info/dependency_links.txt
