[9.284s] DEBUG:colcon:Command line arguments: ['/usr/bin/colcon', 'build', '--packages-select', 'custom_nav2_controller_plugin']
[9.285s] DEBUG:colcon:Parsed command line arguments: Namespace(log_base=None, log_level=None, verb_name='build', build_base='build', install_base='install', merge_install=False, symlink_install=False, test_result_base=None, continue_on_error=False, executor='parallel', parallel_workers=8, event_handlers=None, ignore_user_meta=False, metas=['./colcon.meta'], base_paths=['.'], packages_ignore=None, packages_ignore_regex=None, paths=None, packages_up_to=None, packages_up_to_regex=None, packages_above=None, packages_above_and_dependencies=None, packages_above_depth=None, packages_select_by_dep=None, packages_skip_by_dep=None, packages_skip_up_to=None, packages_select_build_failed=False, packages_skip_build_finished=False, packages_select_test_failures=False, packages_skip_test_passed=False, packages_select=['custom_nav2_controller_plugin'], packages_skip=None, packages_select_regex=None, packages_skip_regex=None, packages_start=None, packages_end=None, lookup_in_workspace=False, cargo_args=None, clean_build=False, cmake_args=None, cmake_target=None, cmake_target_skip_unavailable=False, cmake_clean_cache=False, cmake_clean_first=False, cmake_force_configure=False, ament_cmake_args=None, catkin_cmake_args=None, catkin_skip_building_tests=False, mixin_files=None, mixin=None, verb_parser=<colcon_mixin.mixin.mixin_argument.MixinArgumentDecorator object at 0x7ff356b31e70>, verb_extension=<colcon_core.verb.build.BuildVerb object at 0x7ff356b317b0>, main=<bound method BuildVerb.main of <colcon_core.verb.build.BuildVerb object at 0x7ff356b317b0>>, mixin_verb=('build',))
[9.881s] Level 1:colcon.colcon_core.package_discovery:discover_packages(colcon_meta) check parameters
[9.881s] Level 1:colcon.colcon_core.package_discovery:discover_packages(recursive) check parameters
[9.881s] Level 1:colcon.colcon_core.package_discovery:discover_packages(ignore) check parameters
[9.881s] Level 1:colcon.colcon_core.package_discovery:discover_packages(path) check parameters
[9.881s] Level 1:colcon.colcon_core.package_discovery:discover_packages(colcon_meta) discover
[9.881s] Level 1:colcon.colcon_core.package_discovery:discover_packages(recursive) discover
[9.881s] INFO:colcon.colcon_core.package_discovery:Crawling recursively for packages in '/home/user/ros2_ws'
[9.881s] Level 1:colcon.colcon_core.package_identification:_identify(.) by extensions ['ignore', 'ignore_ament_install']
[9.881s] Level 1:colcon.colcon_core.package_identification:_identify(.) by extension 'ignore'
[9.882s] Level 1:colcon.colcon_core.package_identification:_identify(.) by extension 'ignore_ament_install'
[9.882s] Level 1:colcon.colcon_core.package_identification:_identify(.) by extensions ['colcon_pkg']
[9.882s] Level 1:colcon.colcon_core.package_identification:_identify(.) by extension 'colcon_pkg'
[9.882s] Level 1:colcon.colcon_core.package_identification:_identify(.) by extensions ['colcon_meta']
[9.882s] Level 1:colcon.colcon_core.package_identification:_identify(.) by extension 'colcon_meta'
[9.882s] Level 1:colcon.colcon_core.package_identification:_identify(.) by extensions ['ament_cargo']
[9.882s] Level 1:colcon.colcon_core.package_identification:_identify(.) by extension 'ament_cargo'
[9.882s] Level 1:colcon.colcon_core.package_identification:_identify(.) by extensions ['ros']
[9.882s] Level 1:colcon.colcon_core.package_identification:_identify(.) by extension 'ros'
[9.894s] Level 1:colcon.colcon_core.package_identification:_identify(.) by extensions ['cargo', 'cmake', 'python']
[9.894s] Level 1:colcon.colcon_core.package_identification:_identify(.) by extension 'cargo'
[9.894s] Level 1:colcon.colcon_core.package_identification:_identify(.) by extension 'cmake'
[9.894s] Level 1:colcon.colcon_core.package_identification:_identify(.) by extension 'python'
[9.894s] Level 1:colcon.colcon_core.package_identification:_identify(.) by extensions ['python_setup_py']
[9.894s] Level 1:colcon.colcon_core.package_identification:_identify(.) by extension 'python_setup_py'
[9.894s] Level 1:colcon.colcon_core.package_identification:_identify(build) by extensions ['ignore', 'ignore_ament_install']
[9.894s] Level 1:colcon.colcon_core.package_identification:_identify(build) by extension 'ignore'
[9.894s] Level 1:colcon.colcon_core.package_identification:_identify(build) ignored
[9.894s] Level 1:colcon.colcon_core.package_identification:_identify(install) by extensions ['ignore', 'ignore_ament_install']
[9.895s] Level 1:colcon.colcon_core.package_identification:_identify(install) by extension 'ignore'
[9.895s] Level 1:colcon.colcon_core.package_identification:_identify(install) ignored
[9.895s] Level 1:colcon.colcon_core.package_identification:_identify(log) by extensions ['ignore', 'ignore_ament_install']
[9.895s] Level 1:colcon.colcon_core.package_identification:_identify(log) by extension 'ignore'
[9.895s] Level 1:colcon.colcon_core.package_identification:_identify(log) ignored
[9.895s] Level 1:colcon.colcon_core.package_identification:_identify(nav2_new_features) by extensions ['ignore', 'ignore_ament_install']
[9.895s] Level 1:colcon.colcon_core.package_identification:_identify(nav2_new_features) by extension 'ignore'
[9.895s] Level 1:colcon.colcon_core.package_identification:_identify(nav2_new_features) by extension 'ignore_ament_install'
[9.895s] Level 1:colcon.colcon_core.package_identification:_identify(nav2_new_features) by extensions ['colcon_pkg']
[9.895s] Level 1:colcon.colcon_core.package_identification:_identify(nav2_new_features) by extension 'colcon_pkg'
[9.895s] Level 1:colcon.colcon_core.package_identification:_identify(nav2_new_features) by extensions ['colcon_meta']
[9.895s] Level 1:colcon.colcon_core.package_identification:_identify(nav2_new_features) by extension 'colcon_meta'
[9.895s] Level 1:colcon.colcon_core.package_identification:_identify(nav2_new_features) by extensions ['ament_cargo']
[9.895s] Level 1:colcon.colcon_core.package_identification:_identify(nav2_new_features) by extension 'ament_cargo'
[9.895s] Level 1:colcon.colcon_core.package_identification:_identify(nav2_new_features) by extensions ['ros']
[9.895s] Level 1:colcon.colcon_core.package_identification:_identify(nav2_new_features) by extension 'ros'
[9.898s] DEBUG:colcon.colcon_core.package_identification:Package 'nav2_new_features' with type 'ros.ament_python' and name 'nav2_new_features'
[9.898s] Level 1:colcon.colcon_core.package_identification:_identify(src) by extensions ['ignore', 'ignore_ament_install']
[9.898s] Level 1:colcon.colcon_core.package_identification:_identify(src) by extension 'ignore'
[9.898s] Level 1:colcon.colcon_core.package_identification:_identify(src) by extension 'ignore_ament_install'
[9.898s] Level 1:colcon.colcon_core.package_identification:_identify(src) by extensions ['colcon_pkg']
[9.898s] Level 1:colcon.colcon_core.package_identification:_identify(src) by extension 'colcon_pkg'
[9.898s] Level 1:colcon.colcon_core.package_identification:_identify(src) by extensions ['colcon_meta']
[9.898s] Level 1:colcon.colcon_core.package_identification:_identify(src) by extension 'colcon_meta'
[9.898s] Level 1:colcon.colcon_core.package_identification:_identify(src) by extensions ['ament_cargo']
[9.898s] Level 1:colcon.colcon_core.package_identification:_identify(src) by extension 'ament_cargo'
[9.898s] Level 1:colcon.colcon_core.package_identification:_identify(src) by extensions ['ros']
[9.898s] Level 1:colcon.colcon_core.package_identification:_identify(src) by extension 'ros'
[9.898s] Level 1:colcon.colcon_core.package_identification:_identify(src) by extensions ['cargo', 'cmake', 'python']
[9.898s] Level 1:colcon.colcon_core.package_identification:_identify(src) by extension 'cargo'
[9.898s] Level 1:colcon.colcon_core.package_identification:_identify(src) by extension 'cmake'
[9.898s] Level 1:colcon.colcon_core.package_identification:_identify(src) by extension 'python'
[9.898s] Level 1:colcon.colcon_core.package_identification:_identify(src) by extensions ['python_setup_py']
[9.898s] Level 1:colcon.colcon_core.package_identification:_identify(src) by extension 'python_setup_py'
[9.899s] Level 1:colcon.colcon_core.package_identification:_identify(src/custom_nav2_controller_plugin) by extensions ['ignore', 'ignore_ament_install']
[9.899s] Level 1:colcon.colcon_core.package_identification:_identify(src/custom_nav2_controller_plugin) by extension 'ignore'
[9.899s] Level 1:colcon.colcon_core.package_identification:_identify(src/custom_nav2_controller_plugin) by extension 'ignore_ament_install'
[9.899s] Level 1:colcon.colcon_core.package_identification:_identify(src/custom_nav2_controller_plugin) by extensions ['colcon_pkg']
[9.899s] Level 1:colcon.colcon_core.package_identification:_identify(src/custom_nav2_controller_plugin) by extension 'colcon_pkg'
[9.899s] Level 1:colcon.colcon_core.package_identification:_identify(src/custom_nav2_controller_plugin) by extensions ['colcon_meta']
[9.899s] Level 1:colcon.colcon_core.package_identification:_identify(src/custom_nav2_controller_plugin) by extension 'colcon_meta'
[9.899s] Level 1:colcon.colcon_core.package_identification:_identify(src/custom_nav2_controller_plugin) by extensions ['ament_cargo']
[9.899s] Level 1:colcon.colcon_core.package_identification:_identify(src/custom_nav2_controller_plugin) by extension 'ament_cargo'
[9.899s] Level 1:colcon.colcon_core.package_identification:_identify(src/custom_nav2_controller_plugin) by extensions ['ros']
[9.899s] Level 1:colcon.colcon_core.package_identification:_identify(src/custom_nav2_controller_plugin) by extension 'ros'
[9.900s] DEBUG:colcon.colcon_core.package_identification:Package 'src/custom_nav2_controller_plugin' with type 'ros.ament_cmake' and name 'custom_nav2_controller_plugin'
[9.900s] Level 1:colcon.colcon_core.package_identification:_identify(src/custom_nav2_costmap_plugin) by extensions ['ignore', 'ignore_ament_install']
[9.900s] Level 1:colcon.colcon_core.package_identification:_identify(src/custom_nav2_costmap_plugin) by extension 'ignore'
[9.900s] Level 1:colcon.colcon_core.package_identification:_identify(src/custom_nav2_costmap_plugin) by extension 'ignore_ament_install'
[9.900s] Level 1:colcon.colcon_core.package_identification:_identify(src/custom_nav2_costmap_plugin) by extensions ['colcon_pkg']
[9.901s] Level 1:colcon.colcon_core.package_identification:_identify(src/custom_nav2_costmap_plugin) by extension 'colcon_pkg'
[9.901s] Level 1:colcon.colcon_core.package_identification:_identify(src/custom_nav2_costmap_plugin) by extensions ['colcon_meta']
[9.901s] Level 1:colcon.colcon_core.package_identification:_identify(src/custom_nav2_costmap_plugin) by extension 'colcon_meta'
[9.901s] Level 1:colcon.colcon_core.package_identification:_identify(src/custom_nav2_costmap_plugin) by extensions ['ament_cargo']
[9.901s] Level 1:colcon.colcon_core.package_identification:_identify(src/custom_nav2_costmap_plugin) by extension 'ament_cargo'
[9.901s] Level 1:colcon.colcon_core.package_identification:_identify(src/custom_nav2_costmap_plugin) by extensions ['ros']
[9.901s] Level 1:colcon.colcon_core.package_identification:_identify(src/custom_nav2_costmap_plugin) by extension 'ros'
[9.901s] DEBUG:colcon.colcon_core.package_identification:Package 'src/custom_nav2_costmap_plugin' with type 'ros.ament_cmake' and name 'custom_nav2_costmap_plugin'
[9.902s] Level 1:colcon.colcon_core.package_identification:_identify(src/custom_nav2_planner_plugin) by extensions ['ignore', 'ignore_ament_install']
[9.902s] Level 1:colcon.colcon_core.package_identification:_identify(src/custom_nav2_planner_plugin) by extension 'ignore'
[9.902s] Level 1:colcon.colcon_core.package_identification:_identify(src/custom_nav2_planner_plugin) by extension 'ignore_ament_install'
[9.902s] Level 1:colcon.colcon_core.package_identification:_identify(src/custom_nav2_planner_plugin) by extensions ['colcon_pkg']
[9.902s] Level 1:colcon.colcon_core.package_identification:_identify(src/custom_nav2_planner_plugin) by extension 'colcon_pkg'
[9.902s] Level 1:colcon.colcon_core.package_identification:_identify(src/custom_nav2_planner_plugin) by extensions ['colcon_meta']
[9.902s] Level 1:colcon.colcon_core.package_identification:_identify(src/custom_nav2_planner_plugin) by extension 'colcon_meta'
[9.902s] Level 1:colcon.colcon_core.package_identification:_identify(src/custom_nav2_planner_plugin) by extensions ['ament_cargo']
[9.902s] Level 1:colcon.colcon_core.package_identification:_identify(src/custom_nav2_planner_plugin) by extension 'ament_cargo'
[9.902s] Level 1:colcon.colcon_core.package_identification:_identify(src/custom_nav2_planner_plugin) by extensions ['ros']
[9.902s] Level 1:colcon.colcon_core.package_identification:_identify(src/custom_nav2_planner_plugin) by extension 'ros'
[9.904s] DEBUG:colcon.colcon_core.package_identification:Package 'src/custom_nav2_planner_plugin' with type 'ros.ament_cmake' and name 'custom_nav2_planner_plugin'
[9.904s] Level 1:colcon.colcon_core.package_identification:_identify(src/nav2_pkgs) by extensions ['ignore', 'ignore_ament_install']
[9.904s] Level 1:colcon.colcon_core.package_identification:_identify(src/nav2_pkgs) by extension 'ignore'
[9.904s] Level 1:colcon.colcon_core.package_identification:_identify(src/nav2_pkgs) by extension 'ignore_ament_install'
[9.904s] Level 1:colcon.colcon_core.package_identification:_identify(src/nav2_pkgs) by extensions ['colcon_pkg']
[9.904s] Level 1:colcon.colcon_core.package_identification:_identify(src/nav2_pkgs) by extension 'colcon_pkg'
[9.904s] Level 1:colcon.colcon_core.package_identification:_identify(src/nav2_pkgs) by extensions ['colcon_meta']
[9.904s] Level 1:colcon.colcon_core.package_identification:_identify(src/nav2_pkgs) by extension 'colcon_meta'
[9.904s] Level 1:colcon.colcon_core.package_identification:_identify(src/nav2_pkgs) by extensions ['ament_cargo']
[9.904s] Level 1:colcon.colcon_core.package_identification:_identify(src/nav2_pkgs) by extension 'ament_cargo'
[9.904s] Level 1:colcon.colcon_core.package_identification:_identify(src/nav2_pkgs) by extensions ['ros']
[9.904s] Level 1:colcon.colcon_core.package_identification:_identify(src/nav2_pkgs) by extension 'ros'
[9.904s] Level 1:colcon.colcon_core.package_identification:_identify(src/nav2_pkgs) by extensions ['cargo', 'cmake', 'python']
[9.904s] Level 1:colcon.colcon_core.package_identification:_identify(src/nav2_pkgs) by extension 'cargo'
[9.904s] Level 1:colcon.colcon_core.package_identification:_identify(src/nav2_pkgs) by extension 'cmake'
[9.904s] Level 1:colcon.colcon_core.package_identification:_identify(src/nav2_pkgs) by extension 'python'
[9.905s] Level 1:colcon.colcon_core.package_identification:_identify(src/nav2_pkgs) by extensions ['python_setup_py']
[9.905s] Level 1:colcon.colcon_core.package_identification:_identify(src/nav2_pkgs) by extension 'python_setup_py'
[9.905s] Level 1:colcon.colcon_core.package_identification:_identify(src/nav2_pkgs/localization_server) by extensions ['ignore', 'ignore_ament_install']
[9.905s] Level 1:colcon.colcon_core.package_identification:_identify(src/nav2_pkgs/localization_server) by extension 'ignore'
[9.905s] Level 1:colcon.colcon_core.package_identification:_identify(src/nav2_pkgs/localization_server) by extension 'ignore_ament_install'
[9.905s] Level 1:colcon.colcon_core.package_identification:_identify(src/nav2_pkgs/localization_server) by extensions ['colcon_pkg']
[9.905s] Level 1:colcon.colcon_core.package_identification:_identify(src/nav2_pkgs/localization_server) by extension 'colcon_pkg'
[9.905s] Level 1:colcon.colcon_core.package_identification:_identify(src/nav2_pkgs/localization_server) by extensions ['colcon_meta']
[9.905s] Level 1:colcon.colcon_core.package_identification:_identify(src/nav2_pkgs/localization_server) by extension 'colcon_meta'
[9.905s] Level 1:colcon.colcon_core.package_identification:_identify(src/nav2_pkgs/localization_server) by extensions ['ament_cargo']
[9.905s] Level 1:colcon.colcon_core.package_identification:_identify(src/nav2_pkgs/localization_server) by extension 'ament_cargo'
[9.905s] Level 1:colcon.colcon_core.package_identification:_identify(src/nav2_pkgs/localization_server) by extensions ['ros']
[9.905s] Level 1:colcon.colcon_core.package_identification:_identify(src/nav2_pkgs/localization_server) by extension 'ros'
[9.906s] DEBUG:colcon.colcon_core.package_identification:Package 'src/nav2_pkgs/localization_server' with type 'ros.ament_python' and name 'localization_server'
[9.906s] Level 1:colcon.colcon_core.package_identification:_identify(src/nav2_pkgs/map_server) by extensions ['ignore', 'ignore_ament_install']
[9.906s] Level 1:colcon.colcon_core.package_identification:_identify(src/nav2_pkgs/map_server) by extension 'ignore'
[9.906s] Level 1:colcon.colcon_core.package_identification:_identify(src/nav2_pkgs/map_server) by extension 'ignore_ament_install'
[9.906s] Level 1:colcon.colcon_core.package_identification:_identify(src/nav2_pkgs/map_server) by extensions ['colcon_pkg']
[9.906s] Level 1:colcon.colcon_core.package_identification:_identify(src/nav2_pkgs/map_server) by extension 'colcon_pkg'
[9.906s] Level 1:colcon.colcon_core.package_identification:_identify(src/nav2_pkgs/map_server) by extensions ['colcon_meta']
[9.906s] Level 1:colcon.colcon_core.package_identification:_identify(src/nav2_pkgs/map_server) by extension 'colcon_meta'
[9.906s] Level 1:colcon.colcon_core.package_identification:_identify(src/nav2_pkgs/map_server) by extensions ['ament_cargo']
[9.906s] Level 1:colcon.colcon_core.package_identification:_identify(src/nav2_pkgs/map_server) by extension 'ament_cargo'
[9.906s] Level 1:colcon.colcon_core.package_identification:_identify(src/nav2_pkgs/map_server) by extensions ['ros']
[9.906s] Level 1:colcon.colcon_core.package_identification:_identify(src/nav2_pkgs/map_server) by extension 'ros'
[9.907s] DEBUG:colcon.colcon_core.package_identification:Package 'src/nav2_pkgs/map_server' with type 'ros.ament_python' and name 'map_server'
[9.908s] Level 1:colcon.colcon_core.package_identification:_identify(src/nav2_pkgs/path_planner_server) by extensions ['ignore', 'ignore_ament_install']
[9.908s] Level 1:colcon.colcon_core.package_identification:_identify(src/nav2_pkgs/path_planner_server) by extension 'ignore'
[9.908s] Level 1:colcon.colcon_core.package_identification:_identify(src/nav2_pkgs/path_planner_server) by extension 'ignore_ament_install'
[9.908s] Level 1:colcon.colcon_core.package_identification:_identify(src/nav2_pkgs/path_planner_server) by extensions ['colcon_pkg']
[9.908s] Level 1:colcon.colcon_core.package_identification:_identify(src/nav2_pkgs/path_planner_server) by extension 'colcon_pkg'
[9.908s] Level 1:colcon.colcon_core.package_identification:_identify(src/nav2_pkgs/path_planner_server) by extensions ['colcon_meta']
[9.908s] Level 1:colcon.colcon_core.package_identification:_identify(src/nav2_pkgs/path_planner_server) by extension 'colcon_meta'
[9.908s] Level 1:colcon.colcon_core.package_identification:_identify(src/nav2_pkgs/path_planner_server) by extensions ['ament_cargo']
[9.908s] Level 1:colcon.colcon_core.package_identification:_identify(src/nav2_pkgs/path_planner_server) by extension 'ament_cargo'
[9.908s] Level 1:colcon.colcon_core.package_identification:_identify(src/nav2_pkgs/path_planner_server) by extensions ['ros']
[9.908s] Level 1:colcon.colcon_core.package_identification:_identify(src/nav2_pkgs/path_planner_server) by extension 'ros'
[9.909s] DEBUG:colcon.colcon_core.package_identification:Package 'src/nav2_pkgs/path_planner_server' with type 'ros.ament_python' and name 'path_planner_server'
[9.909s] Level 1:colcon.colcon_core.package_discovery:discover_packages(recursive) using defaults
[9.909s] Level 1:colcon.colcon_core.package_discovery:discover_packages(ignore) discover
[9.909s] Level 1:colcon.colcon_core.package_discovery:discover_packages(ignore) using defaults
[9.909s] Level 1:colcon.colcon_core.package_discovery:discover_packages(path) discover
[9.909s] Level 1:colcon.colcon_core.package_discovery:discover_packages(path) using defaults
[10.074s] INFO:colcon.colcon_core.package_selection:Skipping not selected package 'custom_nav2_costmap_plugin' in 'src/custom_nav2_costmap_plugin'
[10.074s] INFO:colcon.colcon_core.package_selection:Skipping not selected package 'custom_nav2_planner_plugin' in 'src/custom_nav2_planner_plugin'
[10.074s] INFO:colcon.colcon_core.package_selection:Skipping not selected package 'localization_server' in 'src/nav2_pkgs/localization_server'
[10.074s] INFO:colcon.colcon_core.package_selection:Skipping not selected package 'map_server' in 'src/nav2_pkgs/map_server'
[10.074s] INFO:colcon.colcon_core.package_selection:Skipping not selected package 'nav2_new_features' in 'nav2_new_features'
[10.074s] INFO:colcon.colcon_core.package_selection:Skipping not selected package 'path_planner_server' in 'src/nav2_pkgs/path_planner_server'
[10.077s] Level 5:colcon.colcon_core.verb:set package 'custom_nav2_controller_plugin' build argument 'lookup_in_workspace' from command line to 'False'
[10.077s] Level 5:colcon.colcon_core.verb:set package 'custom_nav2_controller_plugin' build argument 'cargo_args' from command line to 'None'
[10.077s] Level 5:colcon.colcon_core.verb:set package 'custom_nav2_controller_plugin' build argument 'clean_build' from command line to 'False'
[10.077s] Level 5:colcon.colcon_core.verb:set package 'custom_nav2_controller_plugin' build argument 'cmake_args' from command line to 'None'
[10.077s] Level 5:colcon.colcon_core.verb:set package 'custom_nav2_controller_plugin' build argument 'cmake_target' from command line to 'None'
[10.077s] Level 5:colcon.colcon_core.verb:set package 'custom_nav2_controller_plugin' build argument 'cmake_target_skip_unavailable' from command line to 'False'
[10.077s] Level 5:colcon.colcon_core.verb:set package 'custom_nav2_controller_plugin' build argument 'cmake_clean_cache' from command line to 'False'
[10.077s] Level 5:colcon.colcon_core.verb:set package 'custom_nav2_controller_plugin' build argument 'cmake_clean_first' from command line to 'False'
[10.077s] Level 5:colcon.colcon_core.verb:set package 'custom_nav2_controller_plugin' build argument 'cmake_force_configure' from command line to 'False'
[10.077s] Level 5:colcon.colcon_core.verb:set package 'custom_nav2_controller_plugin' build argument 'ament_cmake_args' from command line to 'None'
[10.077s] Level 5:colcon.colcon_core.verb:set package 'custom_nav2_controller_plugin' build argument 'catkin_cmake_args' from command line to 'None'
[10.077s] Level 5:colcon.colcon_core.verb:set package 'custom_nav2_controller_plugin' build argument 'catkin_skip_building_tests' from command line to 'False'
[10.077s] DEBUG:colcon.colcon_core.verb:Building package 'custom_nav2_controller_plugin' with the following arguments: {'ament_cmake_args': None, 'build_base': '/home/user/ros2_ws/build/custom_nav2_controller_plugin', 'cargo_args': None, 'catkin_cmake_args': None, 'catkin_skip_building_tests': False, 'clean_build': False, 'cmake_args': None, 'cmake_clean_cache': False, 'cmake_clean_first': False, 'cmake_force_configure': False, 'cmake_target': None, 'cmake_target_skip_unavailable': False, 'install_base': '/home/user/ros2_ws/install/custom_nav2_controller_plugin', 'lookup_in_workspace': False, 'merge_install': False, 'path': '/home/user/ros2_ws/src/custom_nav2_controller_plugin', 'symlink_install': False, 'test_result_base': None}
[10.078s] INFO:colcon.colcon_core.executor:Executing jobs using 'parallel' executor
[10.081s] DEBUG:colcon.colcon_parallel_executor.executor.parallel:run_until_complete
[10.081s] INFO:colcon.colcon_ros.task.ament_cmake.build:Building ROS package in '/home/user/ros2_ws/src/custom_nav2_controller_plugin' with build type 'ament_cmake'
[10.082s] INFO:colcon.colcon_cmake.task.cmake.build:Building CMake package in '/home/user/ros2_ws/src/custom_nav2_controller_plugin'
[10.093s] INFO:colcon.colcon_core.plugin_system:Skipping extension 'colcon_core.shell.bat': Not used on non-Windows systems
[10.093s] INFO:colcon.colcon_core.shell:Skip shell extension 'powershell' for command environment: Not usable outside of PowerShell
[10.093s] DEBUG:colcon.colcon_core.shell:Skip shell extension 'dsv' for command environment
[10.219s] DEBUG:colcon.colcon_core.event_handler.log_command:Invoking command in '/home/user/ros2_ws/build/custom_nav2_controller_plugin': _=/usr/bin/env /usr/bin/cmake /home/user/ros2_ws/src/custom_nav2_controller_plugin -DCMAKE_INSTALL_PREFIX=/home/user/ros2_ws/install/custom_nav2_controller_plugin
[30.759s] DEBUG:colcon.colcon_core.event_handler.log_command:Invoked command in '/home/user/ros2_ws/build/custom_nav2_controller_plugin' returned '0': _=/usr/bin/env /usr/bin/cmake /home/user/ros2_ws/src/custom_nav2_controller_plugin -DCMAKE_INSTALL_PREFIX=/home/user/ros2_ws/install/custom_nav2_controller_plugin
[30.762s] DEBUG:colcon.colcon_core.event_handler.log_command:Invoking command in '/home/user/ros2_ws/build/custom_nav2_controller_plugin': _=/usr/bin/env /usr/bin/cmake --build /home/user/ros2_ws/build/custom_nav2_controller_plugin -- -j8 -l8
[30.809s] DEBUG:colcon.colcon_core.event_handler.log_command:Invoked command in '/home/user/ros2_ws/build/custom_nav2_controller_plugin' returned '0': _=/usr/bin/env /usr/bin/cmake --build /home/user/ros2_ws/build/custom_nav2_controller_plugin -- -j8 -l8
[30.845s] DEBUG:colcon.colcon_core.event_handler.log_command:Invoking command in '/home/user/ros2_ws/build/custom_nav2_controller_plugin': _=/usr/bin/env /usr/bin/cmake --install /home/user/ros2_ws/build/custom_nav2_controller_plugin
[30.856s] Level 1:colcon.colcon_core.environment:create_environment_scripts_only(custom_nav2_controller_plugin)
[30.857s] DEBUG:colcon.colcon_core.event_handler.log_command:Invoked command in '/home/user/ros2_ws/build/custom_nav2_controller_plugin' returned '0': _=/usr/bin/env /usr/bin/cmake --install /home/user/ros2_ws/build/custom_nav2_controller_plugin
[30.869s] Level 1:colcon.colcon_core.environment:checking '/home/user/ros2_ws/install/custom_nav2_controller_plugin' for CMake module files
[30.870s] Level 1:colcon.colcon_core.environment:checking '/home/user/ros2_ws/install/custom_nav2_controller_plugin' for CMake config files
[30.870s] Level 1:colcon.colcon_core.shell:create_environment_hook('custom_nav2_controller_plugin', 'cmake_prefix_path')
[30.871s] INFO:colcon.colcon_core.shell:Creating environment hook '/home/user/ros2_ws/install/custom_nav2_controller_plugin/share/custom_nav2_controller_plugin/hook/cmake_prefix_path.ps1'
[30.872s] INFO:colcon.colcon_core.shell:Creating environment descriptor '/home/user/ros2_ws/install/custom_nav2_controller_plugin/share/custom_nav2_controller_plugin/hook/cmake_prefix_path.dsv'
[30.873s] INFO:colcon.colcon_core.shell:Creating environment hook '/home/user/ros2_ws/install/custom_nav2_controller_plugin/share/custom_nav2_controller_plugin/hook/cmake_prefix_path.sh'
[30.874s] Level 1:colcon.colcon_core.environment:checking '/home/user/ros2_ws/install/custom_nav2_controller_plugin/bin'
[30.874s] Level 1:colcon.colcon_core.environment:checking '/home/user/ros2_ws/install/custom_nav2_controller_plugin/lib/pkgconfig/custom_nav2_controller_plugin.pc'
[30.876s] Level 1:colcon.colcon_core.environment:checking '/home/user/ros2_ws/install/custom_nav2_controller_plugin/lib/python3.10/site-packages'
[30.876s] Level 1:colcon.colcon_core.environment:checking '/home/user/ros2_ws/install/custom_nav2_controller_plugin/bin'
[30.878s] INFO:colcon.colcon_core.shell:Creating package script '/home/user/ros2_ws/install/custom_nav2_controller_plugin/share/custom_nav2_controller_plugin/package.ps1'
[30.879s] INFO:colcon.colcon_core.shell:Creating package descriptor '/home/user/ros2_ws/install/custom_nav2_controller_plugin/share/custom_nav2_controller_plugin/package.dsv'
[30.880s] INFO:colcon.colcon_core.shell:Creating package script '/home/user/ros2_ws/install/custom_nav2_controller_plugin/share/custom_nav2_controller_plugin/package.sh'
[30.881s] INFO:colcon.colcon_core.shell:Creating package script '/home/user/ros2_ws/install/custom_nav2_controller_plugin/share/custom_nav2_controller_plugin/package.bash'
[30.882s] INFO:colcon.colcon_core.shell:Creating package script '/home/user/ros2_ws/install/custom_nav2_controller_plugin/share/custom_nav2_controller_plugin/package.zsh'
[30.884s] Level 1:colcon.colcon_core.environment:create_file_with_runtime_dependencies(/home/user/ros2_ws/install/custom_nav2_controller_plugin/share/colcon-core/packages/custom_nav2_controller_plugin)
[30.916s] Level 1:colcon.colcon_core.environment:create_environment_scripts_only(custom_nav2_controller_plugin)
[30.918s] Level 1:colcon.colcon_core.environment:checking '/home/user/ros2_ws/install/custom_nav2_controller_plugin' for CMake module files
[30.919s] Level 1:colcon.colcon_core.environment:checking '/home/user/ros2_ws/install/custom_nav2_controller_plugin' for CMake config files
[30.919s] Level 1:colcon.colcon_core.shell:create_environment_hook('custom_nav2_controller_plugin', 'cmake_prefix_path')
[30.920s] INFO:colcon.colcon_core.shell:Creating environment hook '/home/user/ros2_ws/install/custom_nav2_controller_plugin/share/custom_nav2_controller_plugin/hook/cmake_prefix_path.ps1'
[30.921s] INFO:colcon.colcon_core.shell:Creating environment descriptor '/home/user/ros2_ws/install/custom_nav2_controller_plugin/share/custom_nav2_controller_plugin/hook/cmake_prefix_path.dsv'
[30.921s] INFO:colcon.colcon_core.shell:Creating environment hook '/home/user/ros2_ws/install/custom_nav2_controller_plugin/share/custom_nav2_controller_plugin/hook/cmake_prefix_path.sh'
[30.921s] Level 1:colcon.colcon_core.environment:checking '/home/user/ros2_ws/install/custom_nav2_controller_plugin/bin'
[30.921s] Level 1:colcon.colcon_core.environment:checking '/home/user/ros2_ws/install/custom_nav2_controller_plugin/lib/pkgconfig/custom_nav2_controller_plugin.pc'
[30.922s] Level 1:colcon.colcon_core.environment:checking '/home/user/ros2_ws/install/custom_nav2_controller_plugin/lib/python3.10/site-packages'
[30.922s] Level 1:colcon.colcon_core.environment:checking '/home/user/ros2_ws/install/custom_nav2_controller_plugin/bin'
[30.924s] INFO:colcon.colcon_core.shell:Creating package script '/home/user/ros2_ws/install/custom_nav2_controller_plugin/share/custom_nav2_controller_plugin/package.ps1'
[30.924s] INFO:colcon.colcon_core.shell:Creating package descriptor '/home/user/ros2_ws/install/custom_nav2_controller_plugin/share/custom_nav2_controller_plugin/package.dsv'
[30.924s] INFO:colcon.colcon_core.shell:Creating package script '/home/user/ros2_ws/install/custom_nav2_controller_plugin/share/custom_nav2_controller_plugin/package.sh'
[30.925s] INFO:colcon.colcon_core.shell:Creating package script '/home/user/ros2_ws/install/custom_nav2_controller_plugin/share/custom_nav2_controller_plugin/package.bash'
[30.925s] INFO:colcon.colcon_core.shell:Creating package script '/home/user/ros2_ws/install/custom_nav2_controller_plugin/share/custom_nav2_controller_plugin/package.zsh'
[30.926s] Level 1:colcon.colcon_core.environment:create_file_with_runtime_dependencies(/home/user/ros2_ws/install/custom_nav2_controller_plugin/share/colcon-core/packages/custom_nav2_controller_plugin)
[30.926s] DEBUG:colcon.colcon_parallel_executor.executor.parallel:closing loop
[30.926s] DEBUG:colcon.colcon_parallel_executor.executor.parallel:loop closed
[30.926s] DEBUG:colcon.colcon_parallel_executor.executor.parallel:run_until_complete finished with '0'
[30.927s] DEBUG:colcon.colcon_core.event_reactor:joining thread
[30.942s] INFO:colcon.colcon_core.plugin_system:Skipping extension 'colcon_notification.desktop_notification.notify_send': Could not find 'notify-send'
[30.942s] INFO:colcon.colcon_core.plugin_system:Skipping extension 'colcon_notification.desktop_notification.terminal_notifier': Not used on non-Darwin systems
[30.942s] INFO:colcon.colcon_core.plugin_system:Skipping extension 'colcon_notification.desktop_notification.win32': Not used on non-Windows systems
[30.943s] INFO:colcon.colcon_notification.desktop_notification:Sending desktop notification using 'notify2'
[30.946s] DEBUG:colcon.colcon_notification.desktop_notification.notify2:Failed to initialize notify2: org.freedesktop.DBus.Error.Spawn.ExecFailed: /usr/bin/dbus-launch terminated abnormally without any error message
[30.946s] DEBUG:colcon.colcon_core.event_reactor:joined thread
[30.949s] INFO:colcon.colcon_core.shell:Creating prefix script '/home/user/ros2_ws/install/local_setup.ps1'
[30.951s] INFO:colcon.colcon_core.shell:Creating prefix util module '/home/user/ros2_ws/install/_local_setup_util_ps1.py'
[30.954s] INFO:colcon.colcon_core.shell:Creating prefix chain script '/home/user/ros2_ws/install/setup.ps1'
[30.956s] INFO:colcon.colcon_core.shell:Creating prefix script '/home/user/ros2_ws/install/local_setup.sh'
[30.958s] INFO:colcon.colcon_core.shell:Creating prefix util module '/home/user/ros2_ws/install/_local_setup_util_sh.py'
[30.958s] INFO:colcon.colcon_core.shell:Creating prefix chain script '/home/user/ros2_ws/install/setup.sh'
[30.961s] INFO:colcon.colcon_core.shell:Creating prefix script '/home/user/ros2_ws/install/local_setup.bash'
[30.962s] INFO:colcon.colcon_core.shell:Creating prefix chain script '/home/user/ros2_ws/install/setup.bash'
[30.964s] INFO:colcon.colcon_core.shell:Creating prefix script '/home/user/ros2_ws/install/local_setup.zsh'
[30.965s] INFO:colcon.colcon_core.shell:Creating prefix chain script '/home/user/ros2_ws/install/setup.zsh'
