[3.559s] Invoking command in '/home/user/ros2_ws/nav2_new_features': PYTHONPATH=/home/user/ros2_ws/build/nav2_new_features/prefix_override:/home/user/ros2_ws/install/nav2_new_features/lib/python3.10/site-packages:${PYTHONPATH} _=/usr/bin/env /usr/bin/python3 setup.py egg_info --egg-base ../build/nav2_new_features build --build-base /home/user/ros2_ws/build/nav2_new_features/build install --record /home/user/ros2_ws/build/nav2_new_features/install.log --single-version-externally-managed
[3.871s] running egg_info
[3.872s] writing ../build/nav2_new_features/nav2_new_features.egg-info/PKG-INFO
[3.872s] writing dependency_links to ../build/nav2_new_features/nav2_new_features.egg-info/dependency_links.txt
[3.873s] writing entry points to ../build/nav2_new_features/nav2_new_features.egg-info/entry_points.txt
[3.874s] writing requirements to ../build/nav2_new_features/nav2_new_features.egg-info/requires.txt
[3.876s] writing top-level names to ../build/nav2_new_features/nav2_new_features.egg-info/top_level.txt
[3.879s] reading manifest file '../build/nav2_new_features/nav2_new_features.egg-info/SOURCES.txt'
[3.880s] writing manifest file '../build/nav2_new_features/nav2_new_features.egg-info/SOURCES.txt'
[3.881s] running build
[3.882s] running build_py
[3.882s] running install
[3.883s] running install_lib
[3.884s] running install_data
[3.884s] running install_egg_info
[3.886s] removing '/home/user/ros2_ws/install/nav2_new_features/lib/python3.10/site-packages/nav2_new_features-0.0.0-py3.10.egg-info' (and everything under it)
[3.886s] Copying ../build/nav2_new_features/nav2_new_features.egg-info to /home/user/ros2_ws/install/nav2_new_features/lib/python3.10/site-packages/nav2_new_features-0.0.0-py3.10.egg-info
[3.887s] running install_scripts
[3.908s] writing list of installed files to '/home/user/ros2_ws/build/nav2_new_features/install.log'
[3.958s] Invoked command in '/home/user/ros2_ws/nav2_new_features' returned '0': PYTHONPATH=/home/user/ros2_ws/build/nav2_new_features/prefix_override:/home/user/ros2_ws/install/nav2_new_features/lib/python3.10/site-packages:${PYTHONPATH} _=/usr/bin/env /usr/bin/python3 setup.py egg_info --egg-base ../build/nav2_new_features build --build-base /home/user/ros2_ws/build/nav2_new_features/build install --record /home/user/ros2_ws/build/nav2_new_features/install.log --single-version-externally-managed
