running egg_info
creating ../../../build/localization_server/localization_server.egg-info
writing ../../../build/localization_server/localization_server.egg-info/PKG-INFO
writing dependency_links to ../../../build/localization_server/localization_server.egg-info/dependency_links.txt
writing entry points to ../../../build/localization_server/localization_server.egg-info/entry_points.txt
writing requirements to ../../../build/localization_server/localization_server.egg-info/requires.txt
writing top-level names to ../../../build/localization_server/localization_server.egg-info/top_level.txt
writing manifest file '../../../build/localization_server/localization_server.egg-info/SOURCES.txt'
reading manifest file '../../../build/localization_server/localization_server.egg-info/SOURCES.txt'
writing manifest file '../../../build/localization_server/localization_server.egg-info/SOURCES.txt'
running build
running build_py
creating /home/user/ros2_ws/build/localization_server/build
creating /home/user/ros2_ws/build/localization_server/build/lib
creating /home/user/ros2_ws/build/localization_server/build/lib/localization_server
copying localization_server/__init__.py -> /home/user/ros2_ws/build/localization_server/build/lib/localization_server
running install
running install_lib
creating /home/user/ros2_ws/install/localization_server/lib/python3.10/site-packages/localization_server
copying /home/user/ros2_ws/build/localization_server/build/lib/localization_server/__init__.py -> /home/user/ros2_ws/install/localization_server/lib/python3.10/site-packages/localization_server
byte-compiling /home/user/ros2_ws/install/localization_server/lib/python3.10/site-packages/localization_server/__init__.py to __init__.cpython-310.pyc
running install_data
creating /home/user/ros2_ws/install/localization_server/share/ament_index
creating /home/user/ros2_ws/install/localization_server/share/ament_index/resource_index
creating /home/user/ros2_ws/install/localization_server/share/ament_index/resource_index/packages
copying resource/localization_server -> /home/user/ros2_ws/install/localization_server/share/ament_index/resource_index/packages
copying package.xml -> /home/user/ros2_ws/install/localization_server/share/localization_server
creating /home/user/ros2_ws/install/localization_server/share/localization_server/launch
copying launch/localization.launch.py -> /home/user/ros2_ws/install/localization_server/share/localization_server/launch
creating /home/user/ros2_ws/install/localization_server/share/localization_server/config
copying config/amcl_barista_demo.yaml -> /home/user/ros2_ws/install/localization_server/share/localization_server/config
copying config/amcl_config.yaml -> /home/user/ros2_ws/install/localization_server/share/localization_server/config
creating /home/user/ros2_ws/install/localization_server/share/localization_server/rviz_config
copying rviz_config/localization.rviz -> /home/user/ros2_ws/install/localization_server/share/localization_server/rviz_config
running install_egg_info
Copying ../../../build/localization_server/localization_server.egg-info to /home/user/ros2_ws/install/localization_server/lib/python3.10/site-packages/localization_server-0.0.0-py3.10.egg-info
running install_scripts
writing list of installed files to '/home/user/ros2_ws/build/localization_server/install.log'
