[1.709s] Invoking command in '/home/user/ros2_ws/nav2_new_features': PYTHONPATH=/home/user/ros2_ws/build/nav2_new_features/prefix_override:/home/user/ros2_ws/install/nav2_new_features/lib/python3.10/site-packages:${PYTHONPATH} _=/usr/bin/env /usr/bin/python3 setup.py egg_info --egg-base ../build/nav2_new_features build --build-base /home/user/ros2_ws/build/nav2_new_features/build install --record /home/user/ros2_ws/build/nav2_new_features/install.log --single-version-externally-managed
[2.110s] running egg_info
[2.110s] writing ../build/nav2_new_features/nav2_new_features.egg-info/PKG-INFO
[2.110s] writing dependency_links to ../build/nav2_new_features/nav2_new_features.egg-info/dependency_links.txt
[2.110s] writing entry points to ../build/nav2_new_features/nav2_new_features.egg-info/entry_points.txt
[2.111s] writing requirements to ../build/nav2_new_features/nav2_new_features.egg-info/requires.txt
[2.111s] writing top-level names to ../build/nav2_new_features/nav2_new_features.egg-info/top_level.txt
[2.112s] reading manifest file '../build/nav2_new_features/nav2_new_features.egg-info/SOURCES.txt'
[2.113s] writing manifest file '../build/nav2_new_features/nav2_new_features.egg-info/SOURCES.txt'
[2.114s] running build
[2.114s] running build_py
[2.114s] running install
[2.114s] running install_lib
[2.115s] running install_data
[2.115s] running install_egg_info
[2.116s] removing '/home/user/ros2_ws/install/nav2_new_features/lib/python3.10/site-packages/nav2_new_features-0.0.0-py3.10.egg-info' (and everything under it)
[2.117s] Copying ../build/nav2_new_features/nav2_new_features.egg-info to /home/user/ros2_ws/install/nav2_new_features/lib/python3.10/site-packages/nav2_new_features-0.0.0-py3.10.egg-info
[2.118s] running install_scripts
[2.138s] writing list of installed files to '/home/user/ros2_ws/build/nav2_new_features/install.log'
[2.163s] Invoked command in '/home/user/ros2_ws/nav2_new_features' returned '0': PYTHONPATH=/home/user/ros2_ws/build/nav2_new_features/prefix_override:/home/user/ros2_ws/install/nav2_new_features/lib/python3.10/site-packages:${PYTHONPATH} _=/usr/bin/env /usr/bin/python3 setup.py egg_info --egg-base ../build/nav2_new_features build --build-base /home/user/ros2_ws/build/nav2_new_features/build install --record /home/user/ros2_ws/build/nav2_new_features/install.log --single-version-externally-managed
