[0.151s] Invoking command in '/home/user/ros2_ws/build/custom_nav2_planner_plugin': _=/usr/bin/env /usr/bin/cmake --build /home/user/ros2_ws/build/custom_nav2_planner_plugin -- -j8 -l8
[3.195s] -- Found ament_cmake: 1.3.4 (/opt/ros/humble/share/ament_cmake/cmake)
[4.237s] -- Found rclcpp: 16.0.4 (/opt/ros/humble/share/rclcpp/cmake)
[4.302s] -- Found rosidl_generator_c: 3.1.4 (/opt/ros/humble/share/rosidl_generator_c/cmake)
[4.308s] -- Found rosidl_adapter: 3.1.4 (/opt/ros/humble/share/rosidl_adapter/cmake)
[4.321s] -- Found rosidl_generator_cpp: 3.1.4 (/opt/ros/humble/share/rosidl_generator_cpp/cmake)
[4.344s] -- Using all available rosidl_typesupport_c: rosidl_typesupport_fastrtps_c;rosidl_typesupport_introspection_c
[4.370s] -- Using all available rosidl_typesupport_cpp: rosidl_typesupport_fastrtps_cpp;rosidl_typesupport_introspection_cpp
[4.469s] -- Found rmw_implementation_cmake: 6.1.1 (/opt/ros/humble/share/rmw_implementation_cmake/cmake)
[4.474s] -- Found rmw_fastrtps_cpp: 6.2.2 (/opt/ros/humble/share/rmw_fastrtps_cpp/cmake)
[4.788s] -- Using RMW implementation 'rmw_fastrtps_cpp' as default
[5.830s] -- Found rclcpp_action: 16.0.4 (/opt/ros/humble/share/rclcpp_action/cmake)
[6.609s] -- Found rclcpp_lifecycle: 16.0.4 (/opt/ros/humble/share/rclcpp_lifecycle/cmake)
[6.666s] -- Found visualization_msgs: 4.2.3 (/opt/ros/humble/share/visualization_msgs/cmake)
[7.450s] -- Found nav2_util: 1.1.6 (/opt/ros/humble/share/nav2_util/cmake)
[8.573s] -- Found eigen3_cmake_module: 0.1.1 (/opt/ros/humble/share/eigen3_cmake_module/cmake)
[8.576s] -- Ensuring Eigen3 include directory is part of orocos-kdl CMake target
[8.803s] -- Found nav2_costmap_2d: 1.1.6 (/opt/ros/humble/share/nav2_costmap_2d/cmake)
[9.878s] -- Found nav2_core: 1.1.6 (/opt/ros/humble/share/nav2_core/cmake)
[15.827s] -- Found ament_lint_auto: 0.12.6 (/opt/ros/humble/share/ament_lint_auto/cmake)
[15.924s] -- Added test 'copyright' to check source files copyright and LICENSE
[15.925s] -- Added test 'cppcheck' to perform static code analysis on C / C++ code
[15.925s] -- Configured cppcheck include dirs: /home/user/ros2_ws/src/custom_nav2_planner_plugin/include
[15.925s] -- Configured cppcheck exclude dirs and/or files: 
[15.927s] -- Added test 'cpplint' to check C / C++ code against the Google style
[15.927s] -- Configured cpplint exclude dirs and/or files: 
[15.928s] -- Added test 'lint_cmake' to check CMake code style
[15.930s] -- Added test 'uncrustify' to check C / C++ code style
[15.930s] -- Configured uncrustify additional arguments: 
[15.931s] -- Added test 'xmllint' to check XML markup files
[15.936s] -- Configuring done
[19.759s] -- Generating done
[19.765s] -- Build files have been written to: /home/user/ros2_ws/build/custom_nav2_planner_plugin
[19.803s] [ 50%] [32mBuilding CXX object CMakeFiles/straight_line_planner_core.dir/src/straight_line_planner.cpp.o[0m
[26.768s] [100%] [32m[1mLinking CXX shared library libstraight_line_planner_core.so[0m
[28.081s] [100%] Built target straight_line_planner_core
[28.091s] Invoked command in '/home/user/ros2_ws/build/custom_nav2_planner_plugin' returned '0': _=/usr/bin/env /usr/bin/cmake --build /home/user/ros2_ws/build/custom_nav2_planner_plugin -- -j8 -l8
[28.136s] Invoking command in '/home/user/ros2_ws/build/custom_nav2_planner_plugin': _=/usr/bin/env /usr/bin/cmake --install /home/user/ros2_ws/build/custom_nav2_planner_plugin
[28.145s] -- Install configuration: ""
[28.145s] -- Installing: /home/user/ros2_ws/install/custom_nav2_planner_plugin/share/custom_nav2_planner_plugin/straight_line_plugin_info.xml
[28.145s] -- Installing: /home/user/ros2_ws/install/custom_nav2_planner_plugin/lib/libstraight_line_planner_core.so
[28.146s] -- Set runtime path of "/home/user/ros2_ws/install/custom_nav2_planner_plugin/lib/libstraight_line_planner_core.so" to ""
[28.146s] -- Installing: /home/user/ros2_ws/install/custom_nav2_planner_plugin/include/
[28.147s] -- Installing: /home/user/ros2_ws/install/custom_nav2_planner_plugin/include//custom_nav2_planner_plugin
[28.151s] -- Installing: /home/user/ros2_ws/install/custom_nav2_planner_plugin/include//custom_nav2_planner_plugin/straight_line_planner.hpp
[28.151s] -- Installing: /home/user/ros2_ws/install/custom_nav2_planner_plugin/share/custom_nav2_planner_plugin/environment/library_path.sh
[28.151s] -- Installing: /home/user/ros2_ws/install/custom_nav2_planner_plugin/share/custom_nav2_planner_plugin/environment/library_path.dsv
[28.151s] -- Up-to-date: /home/user/ros2_ws/install/custom_nav2_planner_plugin/share/ament_index/resource_index/package_run_dependencies/custom_nav2_planner_plugin
[28.152s] -- Installing: /home/user/ros2_ws/install/custom_nav2_planner_plugin/share/ament_index/resource_index/parent_prefix_path/custom_nav2_planner_plugin
[28.152s] -- Up-to-date: /home/user/ros2_ws/install/custom_nav2_planner_plugin/share/custom_nav2_planner_plugin/environment/ament_prefix_path.sh
[28.152s] -- Installing: /home/user/ros2_ws/install/custom_nav2_planner_plugin/share/custom_nav2_planner_plugin/environment/ament_prefix_path.dsv
[28.152s] -- Up-to-date: /home/user/ros2_ws/install/custom_nav2_planner_plugin/share/custom_nav2_planner_plugin/environment/path.sh
[28.152s] -- Installing: /home/user/ros2_ws/install/custom_nav2_planner_plugin/share/custom_nav2_planner_plugin/environment/path.dsv
[28.154s] -- Up-to-date: /home/user/ros2_ws/install/custom_nav2_planner_plugin/share/custom_nav2_planner_plugin/local_setup.bash
[28.154s] -- Installing: /home/user/ros2_ws/install/custom_nav2_planner_plugin/share/custom_nav2_planner_plugin/local_setup.sh
[28.154s] -- Up-to-date: /home/user/ros2_ws/install/custom_nav2_planner_plugin/share/custom_nav2_planner_plugin/local_setup.zsh
[28.155s] -- Installing: /home/user/ros2_ws/install/custom_nav2_planner_plugin/share/custom_nav2_planner_plugin/local_setup.dsv
[28.155s] -- Installing: /home/user/ros2_ws/install/custom_nav2_planner_plugin/share/custom_nav2_planner_plugin/package.dsv
[28.155s] -- Up-to-date: /home/user/ros2_ws/install/custom_nav2_planner_plugin/share/ament_index/resource_index/packages/custom_nav2_planner_plugin
[28.155s] -- Installing: /home/user/ros2_ws/install/custom_nav2_planner_plugin/share/ament_index/resource_index/nav2_core__pluginlib__plugin/custom_nav2_planner_plugin
[28.155s] -- Installing: /home/user/ros2_ws/install/custom_nav2_planner_plugin/share/custom_nav2_planner_plugin/cmake/ament_cmake_export_include_directories-extras.cmake
[28.155s] -- Installing: /home/user/ros2_ws/install/custom_nav2_planner_plugin/share/custom_nav2_planner_plugin/cmake/ament_cmake_export_libraries-extras.cmake
[28.155s] -- Installing: /home/user/ros2_ws/install/custom_nav2_planner_plugin/share/custom_nav2_planner_plugin/cmake/ament_cmake_export_dependencies-extras.cmake
[28.155s] -- Installing: /home/user/ros2_ws/install/custom_nav2_planner_plugin/share/custom_nav2_planner_plugin/cmake/custom_nav2_planner_pluginConfig.cmake
[28.156s] -- Up-to-date: /home/user/ros2_ws/install/custom_nav2_planner_plugin/share/custom_nav2_planner_plugin/cmake/custom_nav2_planner_pluginConfig-version.cmake
[28.156s] -- Installing: /home/user/ros2_ws/install/custom_nav2_planner_plugin/share/custom_nav2_planner_plugin/package.xml
[28.171s] Invoked command in '/home/user/ros2_ws/build/custom_nav2_planner_plugin' returned '0': _=/usr/bin/env /usr/bin/cmake --install /home/user/ros2_ws/build/custom_nav2_planner_plugin
