running egg_info
creating ../../../build/map_server/map_server.egg-info
writing ../../../build/map_server/map_server.egg-info/PKG-INFO
writing dependency_links to ../../../build/map_server/map_server.egg-info/dependency_links.txt
writing entry points to ../../../build/map_server/map_server.egg-info/entry_points.txt
writing requirements to ../../../build/map_server/map_server.egg-info/requires.txt
writing top-level names to ../../../build/map_server/map_server.egg-info/top_level.txt
writing manifest file '../../../build/map_server/map_server.egg-info/SOURCES.txt'
reading manifest file '../../../build/map_server/map_server.egg-info/SOURCES.txt'
writing manifest file '../../../build/map_server/map_server.egg-info/SOURCES.txt'
running build
running build_py
creating /home/user/ros2_ws/build/map_server/build
creating /home/user/ros2_ws/build/map_server/build/lib
creating /home/user/ros2_ws/build/map_server/build/lib/map_server
copying map_server/__init__.py -> /home/user/ros2_ws/build/map_server/build/lib/map_server
running install
running install_lib
creating /home/user/ros2_ws/install/map_server/lib/python3.10/site-packages/map_server
copying /home/user/ros2_ws/build/map_server/build/lib/map_server/__init__.py -> /home/user/ros2_ws/install/map_server/lib/python3.10/site-packages/map_server
byte-compiling /home/user/ros2_ws/install/map_server/lib/python3.10/site-packages/map_server/__init__.py to __init__.cpython-310.pyc
running install_data
creating /home/user/ros2_ws/install/map_server/share/ament_index
creating /home/user/ros2_ws/install/map_server/share/ament_index/resource_index
creating /home/user/ros2_ws/install/map_server/share/ament_index/resource_index/packages
copying resource/map_server -> /home/user/ros2_ws/install/map_server/share/ament_index/resource_index/packages
copying package.xml -> /home/user/ros2_ws/install/map_server/share/map_server
creating /home/user/ros2_ws/install/map_server/share/map_server/launch
copying launch/nav2_map_server.launch.py -> /home/user/ros2_ws/install/map_server/share/map_server/launch
creating /home/user/ros2_ws/install/map_server/share/map_server/rviz_config
creating /home/user/ros2_ws/install/map_server/share/map_server/maps
copying maps/map_speed.pgm -> /home/user/ros2_ws/install/map_server/share/map_server/maps
copying maps/neobotix_area.pgm -> /home/user/ros2_ws/install/map_server/share/map_server/maps
copying maps/map_keepout.pgm -> /home/user/ros2_ws/install/map_server/share/map_server/maps
copying maps/neobotix_area.yaml -> /home/user/ros2_ws/install/map_server/share/map_server/maps
copying maps/map_rotated.png -> /home/user/ros2_ws/install/map_server/share/map_server/maps
copying maps/map.pgm -> /home/user/ros2_ws/install/map_server/share/map_server/maps
copying maps/map_rotated.pgm -> /home/user/ros2_ws/install/map_server/share/map_server/maps
copying maps/map_speed.yaml -> /home/user/ros2_ws/install/map_server/share/map_server/maps
copying maps/map.yaml -> /home/user/ros2_ws/install/map_server/share/map_server/maps
copying maps/map_keepout.yaml -> /home/user/ros2_ws/install/map_server/share/map_server/maps
running install_egg_info
Copying ../../../build/map_server/map_server.egg-info to /home/user/ros2_ws/install/map_server/lib/python3.10/site-packages/map_server-0.0.0-py3.10.egg-info
running install_scripts
writing list of installed files to '/home/user/ros2_ws/build/map_server/install.log'
