[2.931s] Invoking command in '/home/user/ros2_ws/src/nav2_pkgs/path_planner_server': PYTHONPATH=/home/user/ros2_ws/build/path_planner_server/prefix_override:/home/user/ros2_ws/install/path_planner_server/lib/python3.10/site-packages:${PYTHONPATH} _=/usr/bin/env /usr/bin/python3 setup.py egg_info --egg-base ../../../build/path_planner_server build --build-base /home/user/ros2_ws/build/path_planner_server/build install --record /home/user/ros2_ws/build/path_planner_server/install.log --single-version-externally-managed
[3.208s] running egg_info
[3.208s] writing ../../../build/path_planner_server/path_planner_server.egg-info/PKG-INFO
[3.208s] writing dependency_links to ../../../build/path_planner_server/path_planner_server.egg-info/dependency_links.txt
[3.209s] writing entry points to ../../../build/path_planner_server/path_planner_server.egg-info/entry_points.txt
[3.209s] writing requirements to ../../../build/path_planner_server/path_planner_server.egg-info/requires.txt
[3.209s] writing top-level names to ../../../build/path_planner_server/path_planner_server.egg-info/top_level.txt
[3.212s] reading manifest file '../../../build/path_planner_server/path_planner_server.egg-info/SOURCES.txt'
[3.213s] writing manifest file '../../../build/path_planner_server/path_planner_server.egg-info/SOURCES.txt'
[3.213s] running build
[3.213s] running build_py
[3.213s] running install
[3.213s] running install_lib
[3.214s] running install_data
[3.215s] copying launch/pathplanner_purepursuit_controller_plugin.launch.py -> /home/user/ros2_ws/install/path_planner_server/share/path_planner_server/launch
[3.216s] creating /home/user/ros2_ws/install/path_planner_server/share/path_planner_server/config/pure_pursuit_controller
[3.216s] copying config/pure_pursuit_controller/controller.yaml -> /home/user/ros2_ws/install/path_planner_server/share/path_planner_server/config/pure_pursuit_controller
[3.216s] running install_egg_info
[3.218s] removing '/home/user/ros2_ws/install/path_planner_server/lib/python3.10/site-packages/path_planner_server-0.0.0-py3.10.egg-info' (and everything under it)
[3.218s] Copying ../../../build/path_planner_server/path_planner_server.egg-info to /home/user/ros2_ws/install/path_planner_server/lib/python3.10/site-packages/path_planner_server-0.0.0-py3.10.egg-info
[3.219s] running install_scripts
[3.239s] writing list of installed files to '/home/user/ros2_ws/build/path_planner_server/install.log'
[3.270s] Invoked command in '/home/user/ros2_ws/src/nav2_pkgs/path_planner_server' returned '0': PYTHONPATH=/home/user/ros2_ws/build/path_planner_server/prefix_override:/home/user/ros2_ws/install/path_planner_server/lib/python3.10/site-packages:${PYTHONPATH} _=/usr/bin/env /usr/bin/python3 setup.py egg_info --egg-base ../../../build/path_planner_server build --build-base /home/user/ros2_ws/build/path_planner_server/build install --record /home/user/ros2_ws/build/path_planner_server/install.log --single-version-externally-managed
