-- The C compiler identification is GNU 11.3.0
-- The CXX compiler identification is GNU 11.3.0
-- Detecting C compiler ABI info
-- Detecting C compiler ABI info - done
-- Check for working C compiler: /usr/bin/cc - skipped
-- Detecting C compile features
-- Detecting C compile features - done
-- Detecting CXX compiler ABI info
-- Detecting CXX compiler ABI info - done
-- Check for working CXX compiler: /usr/bin/c++ - skipped
-- Detecting CXX compile features
-- Detecting CXX compile features - done
-- Found ament_cmake: 1.3.4 (/opt/ros/humble/share/ament_cmake/cmake)
-- Found Python3: /usr/bin/python3.10 (found version "3.10.6") found components: Interpreter 
-- Found rclcpp: 16.0.4 (/opt/ros/humble/share/rclcpp/cmake)
-- Found rosidl_generator_c: 3.1.4 (/opt/ros/humble/share/rosidl_generator_c/cmake)
-- Found rosidl_adapter: 3.1.4 (/opt/ros/humble/share/rosidl_adapter/cmake)
-- Found rosidl_generator_cpp: 3.1.4 (/opt/ros/humble/share/rosidl_generator_cpp/cmake)
-- Using all available rosidl_typesupport_c: rosidl_typesupport_fastrtps_c;rosidl_typesupport_introspection_c
-- Using all available rosidl_typesupport_cpp: rosidl_typesupport_fastrtps_cpp;rosidl_typesupport_introspection_cpp
-- Found rmw_implementation_cmake: 6.1.1 (/opt/ros/humble/share/rmw_implementation_cmake/cmake)
-- Found rmw_fastrtps_cpp: 6.2.2 (/opt/ros/humble/share/rmw_fastrtps_cpp/cmake)
-- Found OpenSSL: /usr/lib/x86_64-linux-gnu/libcrypto.so (found version "3.0.2")  
-- Found FastRTPS: /opt/ros/humble/include  
-- Using RMW implementation 'rmw_fastrtps_cpp' as default
-- Looking for pthread.h
-- Looking for pthread.h - found
-- Performing Test CMAKE_HAVE_LIBC_PTHREAD
-- Performing Test CMAKE_HAVE_LIBC_PTHREAD - Success
-- Found Threads: TRUE  
-- Found nav2_costmap_2d: 1.1.6 (/opt/ros/humble/share/nav2_costmap_2d/cmake)
-- Found Eigen3: TRUE (found version "3.4.0") 
-- Ensuring Eigen3 include directory is part of orocos-kdl CMake target
-- Found ament_lint_auto: 0.12.6 (/opt/ros/humble/share/ament_lint_auto/cmake)
-- Added test 'copyright' to check source files copyright and LICENSE
-- Added test 'cppcheck' to perform static code analysis on C / C++ code
-- Configured cppcheck include dirs: /home/user/ros2_ws/src/custom_nav2_costmap_plugin/include
-- Configured cppcheck exclude dirs and/or files: 
-- Added test 'cpplint' to check C / C++ code against the Google style
-- Configured cpplint exclude dirs and/or files: 
-- Added test 'lint_cmake' to check CMake code style
-- Added test 'uncrustify' to check C / C++ code style
-- Configured uncrustify additional arguments: 
-- Added test 'xmllint' to check XML markup files
-- Configuring done
-- Generating done
-- Build files have been written to: /home/user/ros2_ws/build/custom_nav2_costmap_plugin
[ 25%] [32mBuilding CXX object CMakeFiles/my_custom_costmap_core.dir/src/my_custom_costmap.cpp.o[0m
[ 50%] [32mBuilding CXX object CMakeFiles/custom_nav2_costmap_plugin_core.dir/src/gradient_layer.cpp.o[0m
[ 75%] [32m[1mLinking CXX shared library libmy_custom_costmap_core.so[0m
[100%] [32m[1mLinking CXX shared library libcustom_nav2_costmap_plugin_core.so[0m
[100%] Built target my_custom_costmap_core
[100%] Built target custom_nav2_costmap_plugin_core
-- Install configuration: ""
-- Installing: /home/user/ros2_ws/install/custom_nav2_costmap_plugin/lib/libcustom_nav2_costmap_plugin_core.so
-- Set runtime path of "/home/user/ros2_ws/install/custom_nav2_costmap_plugin/lib/libcustom_nav2_costmap_plugin_core.so" to ""
-- Installing: /home/user/ros2_ws/install/custom_nav2_costmap_plugin/lib/libmy_custom_costmap_core.so
-- Set runtime path of "/home/user/ros2_ws/install/custom_nav2_costmap_plugin/lib/libmy_custom_costmap_core.so" to ""
-- Installing: /home/user/ros2_ws/install/custom_nav2_costmap_plugin/share/custom_nav2_costmap_plugin/gradient_layer.xml
-- Installing: /home/user/ros2_ws/install/custom_nav2_costmap_plugin/share/custom_nav2_costmap_plugin/my_custom_costmap_plugininfo.xml
-- Installing: /home/user/ros2_ws/install/custom_nav2_costmap_plugin/share/ament_index/resource_index/package_run_dependencies/custom_nav2_costmap_plugin
-- Installing: /home/user/ros2_ws/install/custom_nav2_costmap_plugin/share/ament_index/resource_index/parent_prefix_path/custom_nav2_costmap_plugin
-- Installing: /home/user/ros2_ws/install/custom_nav2_costmap_plugin/share/custom_nav2_costmap_plugin/environment/ament_prefix_path.sh
-- Installing: /home/user/ros2_ws/install/custom_nav2_costmap_plugin/share/custom_nav2_costmap_plugin/environment/ament_prefix_path.dsv
-- Installing: /home/user/ros2_ws/install/custom_nav2_costmap_plugin/share/custom_nav2_costmap_plugin/environment/path.sh
-- Installing: /home/user/ros2_ws/install/custom_nav2_costmap_plugin/share/custom_nav2_costmap_plugin/environment/path.dsv
-- Installing: /home/user/ros2_ws/install/custom_nav2_costmap_plugin/share/custom_nav2_costmap_plugin/local_setup.bash
-- Installing: /home/user/ros2_ws/install/custom_nav2_costmap_plugin/share/custom_nav2_costmap_plugin/local_setup.sh
-- Installing: /home/user/ros2_ws/install/custom_nav2_costmap_plugin/share/custom_nav2_costmap_plugin/local_setup.zsh
-- Installing: /home/user/ros2_ws/install/custom_nav2_costmap_plugin/share/custom_nav2_costmap_plugin/local_setup.dsv
-- Installing: /home/user/ros2_ws/install/custom_nav2_costmap_plugin/share/custom_nav2_costmap_plugin/package.dsv
-- Installing: /home/user/ros2_ws/install/custom_nav2_costmap_plugin/share/ament_index/resource_index/packages/custom_nav2_costmap_plugin
-- Installing: /home/user/ros2_ws/install/custom_nav2_costmap_plugin/share/ament_index/resource_index/nav2_costmap_2d__pluginlib__plugin/custom_nav2_costmap_plugin
-- Installing: /home/user/ros2_ws/install/custom_nav2_costmap_plugin/share/custom_nav2_costmap_plugin/cmake/custom_nav2_costmap_pluginConfig.cmake
-- Installing: /home/user/ros2_ws/install/custom_nav2_costmap_plugin/share/custom_nav2_costmap_plugin/cmake/custom_nav2_costmap_pluginConfig-version.cmake
-- Installing: /home/user/ros2_ws/install/custom_nav2_costmap_plugin/share/custom_nav2_costmap_plugin/package.xml
