[0.052s] Invoking command in '/home/user/ros2_ws/build/custom_nav2_costmap_plugin': CMAKE_PREFIX_PATH=${CMAKE_PREFIX_PATH}:/home/user/install/path_planner_server:/home/user/install/nav2_new_features:/home/user/install/map_server:/home/user/install/localization_server:/home/user/ros2_ws/install/path_planner_server:/home/user/ros2_ws/install/nav2_new_features:/home/user/ros2_ws/install/map_server:/home/user/ros2_ws/install/localization_server _=/usr/bin/env /usr/bin/cmake /home/user/ros2_ws/src/custom_nav2_costmap_plugin -DCMAKE_INSTALL_PREFIX=/home/user/ros2_ws/install/custom_nav2_costmap_plugin
[1.001s] -- The C compiler identification is GNU 11.3.0
[1.001s] -- The CXX compiler identification is GNU 11.3.0
[1.002s] -- Detecting C compiler ABI info
[1.003s] -- Detecting C compiler ABI info - done
[1.003s] -- Check for working C compiler: /usr/bin/cc - skipped
[1.003s] -- Detecting C compile features
[1.003s] -- Detecting C compile features - done
[1.003s] -- Detecting CXX compiler ABI info
[1.003s] -- Detecting CXX compiler ABI info - done
[1.003s] -- Check for working CXX compiler: /usr/bin/c++ - skipped
[1.004s] -- Detecting CXX compile features
[1.004s] -- Detecting CXX compile features - done
[1.004s] -- Found ament_cmake: 1.3.4 (/opt/ros/humble/share/ament_cmake/cmake)
[1.004s] -- Found Python3: /usr/bin/python3.10 (found version "3.10.6") found components: Interpreter 
[1.004s] -- Found rclcpp: 16.0.4 (/opt/ros/humble/share/rclcpp/cmake)
[1.004s] -- Found rosidl_generator_c: 3.1.4 (/opt/ros/humble/share/rosidl_generator_c/cmake)
[1.004s] -- Found rosidl_adapter: 3.1.4 (/opt/ros/humble/share/rosidl_adapter/cmake)
[1.004s] -- Found rosidl_generator_cpp: 3.1.4 (/opt/ros/humble/share/rosidl_generator_cpp/cmake)
[1.004s] -- Using all available rosidl_typesupport_c: rosidl_typesupport_fastrtps_c;rosidl_typesupport_introspection_c
[1.004s] -- Using all available rosidl_typesupport_cpp: rosidl_typesupport_fastrtps_cpp;rosidl_typesupport_introspection_cpp
[1.004s] -- Found rmw_implementation_cmake: 6.1.1 (/opt/ros/humble/share/rmw_implementation_cmake/cmake)
[1.005s] -- Found rmw_fastrtps_cpp: 6.2.2 (/opt/ros/humble/share/rmw_fastrtps_cpp/cmake)
[1.042s] -- Found OpenSSL: /usr/lib/x86_64-linux-gnu/libcrypto.so (found version "3.0.2")  
[1.091s] -- Found FastRTPS: /opt/ros/humble/include  
[1.158s] -- Using RMW implementation 'rmw_fastrtps_cpp' as default
[1.174s] -- Looking for pthread.h
[1.246s] -- Looking for pthread.h - found
[1.246s] -- Performing Test CMAKE_HAVE_LIBC_PTHREAD
[1.318s] -- Performing Test CMAKE_HAVE_LIBC_PTHREAD - Success
[1.320s] -- Found Threads: TRUE  
[1.530s] -- Found nav2_costmap_2d: 1.1.6 (/opt/ros/humble/share/nav2_costmap_2d/cmake)
[3.007s] -- Found Eigen3: TRUE (found version "3.4.0") 
[3.007s] -- Ensuring Eigen3 include directory is part of orocos-kdl CMake target
[4.021s] -- Found ament_lint_auto: 0.12.6 (/opt/ros/humble/share/ament_lint_auto/cmake)
[5.465s] -- Added test 'copyright' to check source files copyright and LICENSE
[5.467s] -- Added test 'cppcheck' to perform static code analysis on C / C++ code
[5.467s] -- Configured cppcheck include dirs: /home/user/ros2_ws/src/custom_nav2_costmap_plugin/include
[5.467s] -- Configured cppcheck exclude dirs and/or files: 
[5.469s] -- Added test 'cpplint' to check C / C++ code against the Google style
[5.469s] -- Configured cpplint exclude dirs and/or files: 
[5.469s] -- Added test 'lint_cmake' to check CMake code style
[5.471s] -- Added test 'uncrustify' to check C / C++ code style
[5.471s] -- Configured uncrustify additional arguments: 
[5.471s] -- Added test 'xmllint' to check XML markup files
[5.473s] -- Configuring done
[5.547s] -- Generating done
[5.549s] -- Build files have been written to: /home/user/ros2_ws/build/custom_nav2_costmap_plugin
[5.563s] Invoked command in '/home/user/ros2_ws/build/custom_nav2_costmap_plugin' returned '0': CMAKE_PREFIX_PATH=${CMAKE_PREFIX_PATH}:/home/user/install/path_planner_server:/home/user/install/nav2_new_features:/home/user/install/map_server:/home/user/install/localization_server:/home/user/ros2_ws/install/path_planner_server:/home/user/ros2_ws/install/nav2_new_features:/home/user/ros2_ws/install/map_server:/home/user/ros2_ws/install/localization_server _=/usr/bin/env /usr/bin/cmake /home/user/ros2_ws/src/custom_nav2_costmap_plugin -DCMAKE_INSTALL_PREFIX=/home/user/ros2_ws/install/custom_nav2_costmap_plugin
[5.565s] Invoking command in '/home/user/ros2_ws/build/custom_nav2_costmap_plugin': CMAKE_PREFIX_PATH=${CMAKE_PREFIX_PATH}:/home/user/install/path_planner_server:/home/user/install/nav2_new_features:/home/user/install/map_server:/home/user/install/localization_server:/home/user/ros2_ws/install/path_planner_server:/home/user/ros2_ws/install/nav2_new_features:/home/user/ros2_ws/install/map_server:/home/user/ros2_ws/install/localization_server _=/usr/bin/env /usr/bin/cmake --build /home/user/ros2_ws/build/custom_nav2_costmap_plugin -- -j8 -l8
[5.618s] [ 25%] [32mBuilding CXX object CMakeFiles/my_custom_costmap_core.dir/src/my_custom_costmap.cpp.o[0m
[5.619s] [ 50%] [32mBuilding CXX object CMakeFiles/custom_nav2_costmap_plugin_core.dir/src/gradient_layer.cpp.o[0m
[9.238s] [ 75%] [32m[1mLinking CXX shared library libmy_custom_costmap_core.so[0m
[9.352s] [100%] [32m[1mLinking CXX shared library libcustom_nav2_costmap_plugin_core.so[0m
[9.444s] [100%] Built target my_custom_costmap_core
[9.564s] [100%] Built target custom_nav2_costmap_plugin_core
[9.574s] Invoked command in '/home/user/ros2_ws/build/custom_nav2_costmap_plugin' returned '0': CMAKE_PREFIX_PATH=${CMAKE_PREFIX_PATH}:/home/user/install/path_planner_server:/home/user/install/nav2_new_features:/home/user/install/map_server:/home/user/install/localization_server:/home/user/ros2_ws/install/path_planner_server:/home/user/ros2_ws/install/nav2_new_features:/home/user/ros2_ws/install/map_server:/home/user/ros2_ws/install/localization_server _=/usr/bin/env /usr/bin/cmake --build /home/user/ros2_ws/build/custom_nav2_costmap_plugin -- -j8 -l8
[9.617s] Invoking command in '/home/user/ros2_ws/build/custom_nav2_costmap_plugin': CMAKE_PREFIX_PATH=${CMAKE_PREFIX_PATH}:/home/user/install/path_planner_server:/home/user/install/nav2_new_features:/home/user/install/map_server:/home/user/install/localization_server:/home/user/ros2_ws/install/path_planner_server:/home/user/ros2_ws/install/nav2_new_features:/home/user/ros2_ws/install/map_server:/home/user/ros2_ws/install/localization_server _=/usr/bin/env /usr/bin/cmake --install /home/user/ros2_ws/build/custom_nav2_costmap_plugin
[9.622s] -- Install configuration: ""
[9.622s] -- Installing: /home/user/ros2_ws/install/custom_nav2_costmap_plugin/lib/libcustom_nav2_costmap_plugin_core.so
[9.624s] -- Set runtime path of "/home/user/ros2_ws/install/custom_nav2_costmap_plugin/lib/libcustom_nav2_costmap_plugin_core.so" to ""
[9.624s] -- Installing: /home/user/ros2_ws/install/custom_nav2_costmap_plugin/lib/libmy_custom_costmap_core.so
[9.624s] -- Set runtime path of "/home/user/ros2_ws/install/custom_nav2_costmap_plugin/lib/libmy_custom_costmap_core.so" to ""
[9.624s] -- Installing: /home/user/ros2_ws/install/custom_nav2_costmap_plugin/share/custom_nav2_costmap_plugin/gradient_layer.xml
[9.625s] -- Installing: /home/user/ros2_ws/install/custom_nav2_costmap_plugin/share/custom_nav2_costmap_plugin/my_custom_costmap_plugininfo.xml
[9.625s] -- Installing: /home/user/ros2_ws/install/custom_nav2_costmap_plugin/share/ament_index/resource_index/package_run_dependencies/custom_nav2_costmap_plugin
[9.625s] -- Installing: /home/user/ros2_ws/install/custom_nav2_costmap_plugin/share/ament_index/resource_index/parent_prefix_path/custom_nav2_costmap_plugin
[9.625s] -- Installing: /home/user/ros2_ws/install/custom_nav2_costmap_plugin/share/custom_nav2_costmap_plugin/environment/ament_prefix_path.sh
[9.625s] -- Installing: /home/user/ros2_ws/install/custom_nav2_costmap_plugin/share/custom_nav2_costmap_plugin/environment/ament_prefix_path.dsv
[9.625s] -- Installing: /home/user/ros2_ws/install/custom_nav2_costmap_plugin/share/custom_nav2_costmap_plugin/environment/path.sh
[9.626s] -- Installing: /home/user/ros2_ws/install/custom_nav2_costmap_plugin/share/custom_nav2_costmap_plugin/environment/path.dsv
[9.626s] -- Installing: /home/user/ros2_ws/install/custom_nav2_costmap_plugin/share/custom_nav2_costmap_plugin/local_setup.bash
[9.626s] -- Installing: /home/user/ros2_ws/install/custom_nav2_costmap_plugin/share/custom_nav2_costmap_plugin/local_setup.sh
[9.626s] -- Installing: /home/user/ros2_ws/install/custom_nav2_costmap_plugin/share/custom_nav2_costmap_plugin/local_setup.zsh
[9.626s] -- Installing: /home/user/ros2_ws/install/custom_nav2_costmap_plugin/share/custom_nav2_costmap_plugin/local_setup.dsv
[9.626s] -- Installing: /home/user/ros2_ws/install/custom_nav2_costmap_plugin/share/custom_nav2_costmap_plugin/package.dsv
[9.626s] -- Installing: /home/user/ros2_ws/install/custom_nav2_costmap_plugin/share/ament_index/resource_index/packages/custom_nav2_costmap_plugin
[9.627s] -- Installing: /home/user/ros2_ws/install/custom_nav2_costmap_plugin/share/ament_index/resource_index/nav2_costmap_2d__pluginlib__plugin/custom_nav2_costmap_plugin
[9.627s] -- Installing: /home/user/ros2_ws/install/custom_nav2_costmap_plugin/share/custom_nav2_costmap_plugin/cmake/custom_nav2_costmap_pluginConfig.cmake
[9.627s] -- Installing: /home/user/ros2_ws/install/custom_nav2_costmap_plugin/share/custom_nav2_costmap_plugin/cmake/custom_nav2_costmap_pluginConfig-version.cmake
[9.627s] -- Installing: /home/user/ros2_ws/install/custom_nav2_costmap_plugin/share/custom_nav2_costmap_plugin/package.xml
[9.631s] Invoked command in '/home/user/ros2_ws/build/custom_nav2_costmap_plugin' returned '0': CMAKE_PREFIX_PATH=${CMAKE_PREFIX_PATH}:/home/user/install/path_planner_server:/home/user/install/nav2_new_features:/home/user/install/map_server:/home/user/install/localization_server:/home/user/ros2_ws/install/path_planner_server:/home/user/ros2_ws/install/nav2_new_features:/home/user/ros2_ws/install/map_server:/home/user/ros2_ws/install/localization_server _=/usr/bin/env /usr/bin/cmake --install /home/user/ros2_ws/build/custom_nav2_costmap_plugin
