[12.924s] DEBUG:colcon:Command line arguments: ['/usr/bin/colcon', 'build', '--packages-select', 'custom_nav2_controller_plugin', 'path_planner_server']
[12.924s] DEBUG:colcon:Parsed command line arguments: Namespace(log_base=None, log_level=None, verb_name='build', build_base='build', install_base='install', merge_install=False, symlink_install=False, test_result_base=None, continue_on_error=False, executor='parallel', parallel_workers=8, event_handlers=None, ignore_user_meta=False, metas=['./colcon.meta'], base_paths=['.'], packages_ignore=None, packages_ignore_regex=None, paths=None, packages_up_to=None, packages_up_to_regex=None, packages_above=None, packages_above_and_dependencies=None, packages_above_depth=None, packages_select_by_dep=None, packages_skip_by_dep=None, packages_skip_up_to=None, packages_select_build_failed=False, packages_skip_build_finished=False, packages_select_test_failures=False, packages_skip_test_passed=False, packages_select=['custom_nav2_controller_plugin', 'path_planner_server'], packages_skip=None, packages_select_regex=None, packages_skip_regex=None, packages_start=None, packages_end=None, lookup_in_workspace=False, cargo_args=None, clean_build=False, cmake_args=None, cmake_target=None, cmake_target_skip_unavailable=False, cmake_clean_cache=False, cmake_clean_first=False, cmake_force_configure=False, ament_cmake_args=None, catkin_cmake_args=None, catkin_skip_building_tests=False, mixin_files=None, mixin=None, verb_parser=<colcon_mixin.mixin.mixin_argument.MixinArgumentDecorator object at 0x7f358ba9a230>, verb_extension=<colcon_core.verb.build.BuildVerb object at 0x7f358ba99b70>, main=<bound method BuildVerb.main of <colcon_core.verb.build.BuildVerb object at 0x7f358ba99b70>>, mixin_verb=('build',))
[13.586s] Level 1:colcon.colcon_core.package_discovery:discover_packages(colcon_meta) check parameters
[13.586s] Level 1:colcon.colcon_core.package_discovery:discover_packages(recursive) check parameters
[13.586s] Level 1:colcon.colcon_core.package_discovery:discover_packages(ignore) check parameters
[13.586s] Level 1:colcon.colcon_core.package_discovery:discover_packages(path) check parameters
[13.586s] Level 1:colcon.colcon_core.package_discovery:discover_packages(colcon_meta) discover
[13.586s] Level 1:colcon.colcon_core.package_discovery:discover_packages(recursive) discover
[13.586s] INFO:colcon.colcon_core.package_discovery:Crawling recursively for packages in '/home/user/ros2_ws'
[13.586s] Level 1:colcon.colcon_core.package_identification:_identify(.) by extensions ['ignore', 'ignore_ament_install']
[13.586s] Level 1:colcon.colcon_core.package_identification:_identify(.) by extension 'ignore'
[13.586s] Level 1:colcon.colcon_core.package_identification:_identify(.) by extension 'ignore_ament_install'
[13.586s] Level 1:colcon.colcon_core.package_identification:_identify(.) by extensions ['colcon_pkg']
[13.586s] Level 1:colcon.colcon_core.package_identification:_identify(.) by extension 'colcon_pkg'
[13.586s] Level 1:colcon.colcon_core.package_identification:_identify(.) by extensions ['colcon_meta']
[13.586s] Level 1:colcon.colcon_core.package_identification:_identify(.) by extension 'colcon_meta'
[13.587s] Level 1:colcon.colcon_core.package_identification:_identify(.) by extensions ['ament_cargo']
[13.587s] Level 1:colcon.colcon_core.package_identification:_identify(.) by extension 'ament_cargo'
[13.587s] Level 1:colcon.colcon_core.package_identification:_identify(.) by extensions ['ros']
[13.587s] Level 1:colcon.colcon_core.package_identification:_identify(.) by extension 'ros'
[13.599s] Level 1:colcon.colcon_core.package_identification:_identify(.) by extensions ['cargo', 'cmake', 'python']
[13.599s] Level 1:colcon.colcon_core.package_identification:_identify(.) by extension 'cargo'
[13.599s] Level 1:colcon.colcon_core.package_identification:_identify(.) by extension 'cmake'
[13.599s] Level 1:colcon.colcon_core.package_identification:_identify(.) by extension 'python'
[13.600s] Level 1:colcon.colcon_core.package_identification:_identify(.) by extensions ['python_setup_py']
[13.600s] Level 1:colcon.colcon_core.package_identification:_identify(.) by extension 'python_setup_py'
[13.600s] Level 1:colcon.colcon_core.package_identification:_identify(build) by extensions ['ignore', 'ignore_ament_install']
[13.600s] Level 1:colcon.colcon_core.package_identification:_identify(build) by extension 'ignore'
[13.600s] Level 1:colcon.colcon_core.package_identification:_identify(build) ignored
[13.600s] Level 1:colcon.colcon_core.package_identification:_identify(install) by extensions ['ignore', 'ignore_ament_install']
[13.600s] Level 1:colcon.colcon_core.package_identification:_identify(install) by extension 'ignore'
[13.600s] Level 1:colcon.colcon_core.package_identification:_identify(install) ignored
[13.600s] Level 1:colcon.colcon_core.package_identification:_identify(log) by extensions ['ignore', 'ignore_ament_install']
[13.600s] Level 1:colcon.colcon_core.package_identification:_identify(log) by extension 'ignore'
[13.600s] Level 1:colcon.colcon_core.package_identification:_identify(log) ignored
[13.600s] Level 1:colcon.colcon_core.package_identification:_identify(nav2_new_features) by extensions ['ignore', 'ignore_ament_install']
[13.600s] Level 1:colcon.colcon_core.package_identification:_identify(nav2_new_features) by extension 'ignore'
[13.601s] Level 1:colcon.colcon_core.package_identification:_identify(nav2_new_features) by extension 'ignore_ament_install'
[13.601s] Level 1:colcon.colcon_core.package_identification:_identify(nav2_new_features) by extensions ['colcon_pkg']
[13.601s] Level 1:colcon.colcon_core.package_identification:_identify(nav2_new_features) by extension 'colcon_pkg'
[13.601s] Level 1:colcon.colcon_core.package_identification:_identify(nav2_new_features) by extensions ['colcon_meta']
[13.601s] Level 1:colcon.colcon_core.package_identification:_identify(nav2_new_features) by extension 'colcon_meta'
[13.601s] Level 1:colcon.colcon_core.package_identification:_identify(nav2_new_features) by extensions ['ament_cargo']
[13.601s] Level 1:colcon.colcon_core.package_identification:_identify(nav2_new_features) by extension 'ament_cargo'
[13.601s] Level 1:colcon.colcon_core.package_identification:_identify(nav2_new_features) by extensions ['ros']
[13.601s] Level 1:colcon.colcon_core.package_identification:_identify(nav2_new_features) by extension 'ros'
[13.603s] DEBUG:colcon.colcon_core.package_identification:Package 'nav2_new_features' with type 'ros.ament_python' and name 'nav2_new_features'
[13.603s] Level 1:colcon.colcon_core.package_identification:_identify(src) by extensions ['ignore', 'ignore_ament_install']
[13.604s] Level 1:colcon.colcon_core.package_identification:_identify(src) by extension 'ignore'
[13.604s] Level 1:colcon.colcon_core.package_identification:_identify(src) by extension 'ignore_ament_install'
[13.604s] Level 1:colcon.colcon_core.package_identification:_identify(src) by extensions ['colcon_pkg']
[13.604s] Level 1:colcon.colcon_core.package_identification:_identify(src) by extension 'colcon_pkg'
[13.604s] Level 1:colcon.colcon_core.package_identification:_identify(src) by extensions ['colcon_meta']
[13.604s] Level 1:colcon.colcon_core.package_identification:_identify(src) by extension 'colcon_meta'
[13.604s] Level 1:colcon.colcon_core.package_identification:_identify(src) by extensions ['ament_cargo']
[13.604s] Level 1:colcon.colcon_core.package_identification:_identify(src) by extension 'ament_cargo'
[13.604s] Level 1:colcon.colcon_core.package_identification:_identify(src) by extensions ['ros']
[13.604s] Level 1:colcon.colcon_core.package_identification:_identify(src) by extension 'ros'
[13.604s] Level 1:colcon.colcon_core.package_identification:_identify(src) by extensions ['cargo', 'cmake', 'python']
[13.604s] Level 1:colcon.colcon_core.package_identification:_identify(src) by extension 'cargo'
[13.604s] Level 1:colcon.colcon_core.package_identification:_identify(src) by extension 'cmake'
[13.604s] Level 1:colcon.colcon_core.package_identification:_identify(src) by extension 'python'
[13.604s] Level 1:colcon.colcon_core.package_identification:_identify(src) by extensions ['python_setup_py']
[13.604s] Level 1:colcon.colcon_core.package_identification:_identify(src) by extension 'python_setup_py'
[13.604s] Level 1:colcon.colcon_core.package_identification:_identify(src/custom_nav2_controller_plugin) by extensions ['ignore', 'ignore_ament_install']
[13.604s] Level 1:colcon.colcon_core.package_identification:_identify(src/custom_nav2_controller_plugin) by extension 'ignore'
[13.604s] Level 1:colcon.colcon_core.package_identification:_identify(src/custom_nav2_controller_plugin) by extension 'ignore_ament_install'
[13.604s] Level 1:colcon.colcon_core.package_identification:_identify(src/custom_nav2_controller_plugin) by extensions ['colcon_pkg']
[13.604s] Level 1:colcon.colcon_core.package_identification:_identify(src/custom_nav2_controller_plugin) by extension 'colcon_pkg'
[13.605s] Level 1:colcon.colcon_core.package_identification:_identify(src/custom_nav2_controller_plugin) by extensions ['colcon_meta']
[13.605s] Level 1:colcon.colcon_core.package_identification:_identify(src/custom_nav2_controller_plugin) by extension 'colcon_meta'
[13.605s] Level 1:colcon.colcon_core.package_identification:_identify(src/custom_nav2_controller_plugin) by extensions ['ament_cargo']
[13.605s] Level 1:colcon.colcon_core.package_identification:_identify(src/custom_nav2_controller_plugin) by extension 'ament_cargo'
[13.605s] Level 1:colcon.colcon_core.package_identification:_identify(src/custom_nav2_controller_plugin) by extensions ['ros']
[13.605s] Level 1:colcon.colcon_core.package_identification:_identify(src/custom_nav2_controller_plugin) by extension 'ros'
[13.606s] DEBUG:colcon.colcon_core.package_identification:Package 'src/custom_nav2_controller_plugin' with type 'ros.ament_cmake' and name 'custom_nav2_controller_plugin'
[13.606s] Level 1:colcon.colcon_core.package_identification:_identify(src/custom_nav2_costmap_plugin) by extensions ['ignore', 'ignore_ament_install']
[13.606s] Level 1:colcon.colcon_core.package_identification:_identify(src/custom_nav2_costmap_plugin) by extension 'ignore'
[13.606s] Level 1:colcon.colcon_core.package_identification:_identify(src/custom_nav2_costmap_plugin) by extension 'ignore_ament_install'
[13.606s] Level 1:colcon.colcon_core.package_identification:_identify(src/custom_nav2_costmap_plugin) by extensions ['colcon_pkg']
[13.606s] Level 1:colcon.colcon_core.package_identification:_identify(src/custom_nav2_costmap_plugin) by extension 'colcon_pkg'
[13.606s] Level 1:colcon.colcon_core.package_identification:_identify(src/custom_nav2_costmap_plugin) by extensions ['colcon_meta']
[13.606s] Level 1:colcon.colcon_core.package_identification:_identify(src/custom_nav2_costmap_plugin) by extension 'colcon_meta'
[13.606s] Level 1:colcon.colcon_core.package_identification:_identify(src/custom_nav2_costmap_plugin) by extensions ['ament_cargo']
[13.606s] Level 1:colcon.colcon_core.package_identification:_identify(src/custom_nav2_costmap_plugin) by extension 'ament_cargo'
[13.606s] Level 1:colcon.colcon_core.package_identification:_identify(src/custom_nav2_costmap_plugin) by extensions ['ros']
[13.606s] Level 1:colcon.colcon_core.package_identification:_identify(src/custom_nav2_costmap_plugin) by extension 'ros'
[13.607s] DEBUG:colcon.colcon_core.package_identification:Package 'src/custom_nav2_costmap_plugin' with type 'ros.ament_cmake' and name 'custom_nav2_costmap_plugin'
[13.607s] Level 1:colcon.colcon_core.package_identification:_identify(src/custom_nav2_planner_plugin) by extensions ['ignore', 'ignore_ament_install']
[13.607s] Level 1:colcon.colcon_core.package_identification:_identify(src/custom_nav2_planner_plugin) by extension 'ignore'
[13.607s] Level 1:colcon.colcon_core.package_identification:_identify(src/custom_nav2_planner_plugin) by extension 'ignore_ament_install'
[13.607s] Level 1:colcon.colcon_core.package_identification:_identify(src/custom_nav2_planner_plugin) by extensions ['colcon_pkg']
[13.607s] Level 1:colcon.colcon_core.package_identification:_identify(src/custom_nav2_planner_plugin) by extension 'colcon_pkg'
[13.608s] Level 1:colcon.colcon_core.package_identification:_identify(src/custom_nav2_planner_plugin) by extensions ['colcon_meta']
[13.608s] Level 1:colcon.colcon_core.package_identification:_identify(src/custom_nav2_planner_plugin) by extension 'colcon_meta'
[13.608s] Level 1:colcon.colcon_core.package_identification:_identify(src/custom_nav2_planner_plugin) by extensions ['ament_cargo']
[13.608s] Level 1:colcon.colcon_core.package_identification:_identify(src/custom_nav2_planner_plugin) by extension 'ament_cargo'
[13.608s] Level 1:colcon.colcon_core.package_identification:_identify(src/custom_nav2_planner_plugin) by extensions ['ros']
[13.608s] Level 1:colcon.colcon_core.package_identification:_identify(src/custom_nav2_planner_plugin) by extension 'ros'
[13.609s] DEBUG:colcon.colcon_core.package_identification:Package 'src/custom_nav2_planner_plugin' with type 'ros.ament_cmake' and name 'custom_nav2_planner_plugin'
[13.609s] Level 1:colcon.colcon_core.package_identification:_identify(src/nav2_pkgs) by extensions ['ignore', 'ignore_ament_install']
[13.609s] Level 1:colcon.colcon_core.package_identification:_identify(src/nav2_pkgs) by extension 'ignore'
[13.609s] Level 1:colcon.colcon_core.package_identification:_identify(src/nav2_pkgs) by extension 'ignore_ament_install'
[13.609s] Level 1:colcon.colcon_core.package_identification:_identify(src/nav2_pkgs) by extensions ['colcon_pkg']
[13.609s] Level 1:colcon.colcon_core.package_identification:_identify(src/nav2_pkgs) by extension 'colcon_pkg'
[13.609s] Level 1:colcon.colcon_core.package_identification:_identify(src/nav2_pkgs) by extensions ['colcon_meta']
[13.610s] Level 1:colcon.colcon_core.package_identification:_identify(src/nav2_pkgs) by extension 'colcon_meta'
[13.610s] Level 1:colcon.colcon_core.package_identification:_identify(src/nav2_pkgs) by extensions ['ament_cargo']
[13.610s] Level 1:colcon.colcon_core.package_identification:_identify(src/nav2_pkgs) by extension 'ament_cargo'
[13.610s] Level 1:colcon.colcon_core.package_identification:_identify(src/nav2_pkgs) by extensions ['ros']
[13.610s] Level 1:colcon.colcon_core.package_identification:_identify(src/nav2_pkgs) by extension 'ros'
[13.610s] Level 1:colcon.colcon_core.package_identification:_identify(src/nav2_pkgs) by extensions ['cargo', 'cmake', 'python']
[13.610s] Level 1:colcon.colcon_core.package_identification:_identify(src/nav2_pkgs) by extension 'cargo'
[13.610s] Level 1:colcon.colcon_core.package_identification:_identify(src/nav2_pkgs) by extension 'cmake'
[13.610s] Level 1:colcon.colcon_core.package_identification:_identify(src/nav2_pkgs) by extension 'python'
[13.610s] Level 1:colcon.colcon_core.package_identification:_identify(src/nav2_pkgs) by extensions ['python_setup_py']
[13.610s] Level 1:colcon.colcon_core.package_identification:_identify(src/nav2_pkgs) by extension 'python_setup_py'
[13.610s] Level 1:colcon.colcon_core.package_identification:_identify(src/nav2_pkgs/localization_server) by extensions ['ignore', 'ignore_ament_install']
[13.610s] Level 1:colcon.colcon_core.package_identification:_identify(src/nav2_pkgs/localization_server) by extension 'ignore'
[13.610s] Level 1:colcon.colcon_core.package_identification:_identify(src/nav2_pkgs/localization_server) by extension 'ignore_ament_install'
[13.610s] Level 1:colcon.colcon_core.package_identification:_identify(src/nav2_pkgs/localization_server) by extensions ['colcon_pkg']
[13.610s] Level 1:colcon.colcon_core.package_identification:_identify(src/nav2_pkgs/localization_server) by extension 'colcon_pkg'
[13.610s] Level 1:colcon.colcon_core.package_identification:_identify(src/nav2_pkgs/localization_server) by extensions ['colcon_meta']
[13.610s] Level 1:colcon.colcon_core.package_identification:_identify(src/nav2_pkgs/localization_server) by extension 'colcon_meta'
[13.610s] Level 1:colcon.colcon_core.package_identification:_identify(src/nav2_pkgs/localization_server) by extensions ['ament_cargo']
[13.610s] Level 1:colcon.colcon_core.package_identification:_identify(src/nav2_pkgs/localization_server) by extension 'ament_cargo'
[13.610s] Level 1:colcon.colcon_core.package_identification:_identify(src/nav2_pkgs/localization_server) by extensions ['ros']
[13.611s] Level 1:colcon.colcon_core.package_identification:_identify(src/nav2_pkgs/localization_server) by extension 'ros'
[13.611s] DEBUG:colcon.colcon_core.package_identification:Package 'src/nav2_pkgs/localization_server' with type 'ros.ament_python' and name 'localization_server'
[13.611s] Level 1:colcon.colcon_core.package_identification:_identify(src/nav2_pkgs/map_server) by extensions ['ignore', 'ignore_ament_install']
[13.612s] Level 1:colcon.colcon_core.package_identification:_identify(src/nav2_pkgs/map_server) by extension 'ignore'
[13.612s] Level 1:colcon.colcon_core.package_identification:_identify(src/nav2_pkgs/map_server) by extension 'ignore_ament_install'
[13.612s] Level 1:colcon.colcon_core.package_identification:_identify(src/nav2_pkgs/map_server) by extensions ['colcon_pkg']
[13.612s] Level 1:colcon.colcon_core.package_identification:_identify(src/nav2_pkgs/map_server) by extension 'colcon_pkg'
[13.612s] Level 1:colcon.colcon_core.package_identification:_identify(src/nav2_pkgs/map_server) by extensions ['colcon_meta']
[13.612s] Level 1:colcon.colcon_core.package_identification:_identify(src/nav2_pkgs/map_server) by extension 'colcon_meta'
[13.612s] Level 1:colcon.colcon_core.package_identification:_identify(src/nav2_pkgs/map_server) by extensions ['ament_cargo']
[13.612s] Level 1:colcon.colcon_core.package_identification:_identify(src/nav2_pkgs/map_server) by extension 'ament_cargo'
[13.612s] Level 1:colcon.colcon_core.package_identification:_identify(src/nav2_pkgs/map_server) by extensions ['ros']
[13.612s] Level 1:colcon.colcon_core.package_identification:_identify(src/nav2_pkgs/map_server) by extension 'ros'
[13.612s] DEBUG:colcon.colcon_core.package_identification:Package 'src/nav2_pkgs/map_server' with type 'ros.ament_python' and name 'map_server'
[13.613s] Level 1:colcon.colcon_core.package_identification:_identify(src/nav2_pkgs/path_planner_server) by extensions ['ignore', 'ignore_ament_install']
[13.613s] Level 1:colcon.colcon_core.package_identification:_identify(src/nav2_pkgs/path_planner_server) by extension 'ignore'
[13.613s] Level 1:colcon.colcon_core.package_identification:_identify(src/nav2_pkgs/path_planner_server) by extension 'ignore_ament_install'
[13.613s] Level 1:colcon.colcon_core.package_identification:_identify(src/nav2_pkgs/path_planner_server) by extensions ['colcon_pkg']
[13.613s] Level 1:colcon.colcon_core.package_identification:_identify(src/nav2_pkgs/path_planner_server) by extension 'colcon_pkg'
[13.613s] Level 1:colcon.colcon_core.package_identification:_identify(src/nav2_pkgs/path_planner_server) by extensions ['colcon_meta']
[13.613s] Level 1:colcon.colcon_core.package_identification:_identify(src/nav2_pkgs/path_planner_server) by extension 'colcon_meta'
[13.613s] Level 1:colcon.colcon_core.package_identification:_identify(src/nav2_pkgs/path_planner_server) by extensions ['ament_cargo']
[13.613s] Level 1:colcon.colcon_core.package_identification:_identify(src/nav2_pkgs/path_planner_server) by extension 'ament_cargo'
[13.613s] Level 1:colcon.colcon_core.package_identification:_identify(src/nav2_pkgs/path_planner_server) by extensions ['ros']
[13.613s] Level 1:colcon.colcon_core.package_identification:_identify(src/nav2_pkgs/path_planner_server) by extension 'ros'
[13.614s] DEBUG:colcon.colcon_core.package_identification:Package 'src/nav2_pkgs/path_planner_server' with type 'ros.ament_python' and name 'path_planner_server'
[13.614s] Level 1:colcon.colcon_core.package_discovery:discover_packages(recursive) using defaults
[13.614s] Level 1:colcon.colcon_core.package_discovery:discover_packages(ignore) discover
[13.614s] Level 1:colcon.colcon_core.package_discovery:discover_packages(ignore) using defaults
[13.615s] Level 1:colcon.colcon_core.package_discovery:discover_packages(path) discover
[13.615s] Level 1:colcon.colcon_core.package_discovery:discover_packages(path) using defaults
[13.812s] INFO:colcon.colcon_core.package_selection:Skipping not selected package 'custom_nav2_costmap_plugin' in 'src/custom_nav2_costmap_plugin'
[13.812s] INFO:colcon.colcon_core.package_selection:Skipping not selected package 'custom_nav2_planner_plugin' in 'src/custom_nav2_planner_plugin'
[13.812s] INFO:colcon.colcon_core.package_selection:Skipping not selected package 'localization_server' in 'src/nav2_pkgs/localization_server'
[13.812s] INFO:colcon.colcon_core.package_selection:Skipping not selected package 'map_server' in 'src/nav2_pkgs/map_server'
[13.813s] INFO:colcon.colcon_core.package_selection:Skipping not selected package 'nav2_new_features' in 'nav2_new_features'
[13.815s] Level 5:colcon.colcon_core.verb:set package 'custom_nav2_controller_plugin' build argument 'lookup_in_workspace' from command line to 'False'
[13.815s] Level 5:colcon.colcon_core.verb:set package 'custom_nav2_controller_plugin' build argument 'cargo_args' from command line to 'None'
[13.815s] Level 5:colcon.colcon_core.verb:set package 'custom_nav2_controller_plugin' build argument 'clean_build' from command line to 'False'
[13.815s] Level 5:colcon.colcon_core.verb:set package 'custom_nav2_controller_plugin' build argument 'cmake_args' from command line to 'None'
[13.815s] Level 5:colcon.colcon_core.verb:set package 'custom_nav2_controller_plugin' build argument 'cmake_target' from command line to 'None'
[13.815s] Level 5:colcon.colcon_core.verb:set package 'custom_nav2_controller_plugin' build argument 'cmake_target_skip_unavailable' from command line to 'False'
[13.815s] Level 5:colcon.colcon_core.verb:set package 'custom_nav2_controller_plugin' build argument 'cmake_clean_cache' from command line to 'False'
[13.815s] Level 5:colcon.colcon_core.verb:set package 'custom_nav2_controller_plugin' build argument 'cmake_clean_first' from command line to 'False'
[13.815s] Level 5:colcon.colcon_core.verb:set package 'custom_nav2_controller_plugin' build argument 'cmake_force_configure' from command line to 'False'
[13.815s] Level 5:colcon.colcon_core.verb:set package 'custom_nav2_controller_plugin' build argument 'ament_cmake_args' from command line to 'None'
[13.816s] Level 5:colcon.colcon_core.verb:set package 'custom_nav2_controller_plugin' build argument 'catkin_cmake_args' from command line to 'None'
[13.816s] Level 5:colcon.colcon_core.verb:set package 'custom_nav2_controller_plugin' build argument 'catkin_skip_building_tests' from command line to 'False'
[13.816s] DEBUG:colcon.colcon_core.verb:Building package 'custom_nav2_controller_plugin' with the following arguments: {'ament_cmake_args': None, 'build_base': '/home/user/ros2_ws/build/custom_nav2_controller_plugin', 'cargo_args': None, 'catkin_cmake_args': None, 'catkin_skip_building_tests': False, 'clean_build': False, 'cmake_args': None, 'cmake_clean_cache': False, 'cmake_clean_first': False, 'cmake_force_configure': False, 'cmake_target': None, 'cmake_target_skip_unavailable': False, 'install_base': '/home/user/ros2_ws/install/custom_nav2_controller_plugin', 'lookup_in_workspace': False, 'merge_install': False, 'path': '/home/user/ros2_ws/src/custom_nav2_controller_plugin', 'symlink_install': False, 'test_result_base': None}
[13.818s] Level 5:colcon.colcon_core.verb:set package 'path_planner_server' build argument 'lookup_in_workspace' from command line to 'False'
[13.818s] Level 5:colcon.colcon_core.verb:set package 'path_planner_server' build argument 'cargo_args' from command line to 'None'
[13.818s] Level 5:colcon.colcon_core.verb:set package 'path_planner_server' build argument 'clean_build' from command line to 'False'
[13.818s] Level 5:colcon.colcon_core.verb:set package 'path_planner_server' build argument 'cmake_args' from command line to 'None'
[13.818s] Level 5:colcon.colcon_core.verb:set package 'path_planner_server' build argument 'cmake_target' from command line to 'None'
[13.818s] Level 5:colcon.colcon_core.verb:set package 'path_planner_server' build argument 'cmake_target_skip_unavailable' from command line to 'False'
[13.819s] Level 5:colcon.colcon_core.verb:set package 'path_planner_server' build argument 'cmake_clean_cache' from command line to 'False'
[13.819s] Level 5:colcon.colcon_core.verb:set package 'path_planner_server' build argument 'cmake_clean_first' from command line to 'False'
[13.819s] Level 5:colcon.colcon_core.verb:set package 'path_planner_server' build argument 'cmake_force_configure' from command line to 'False'
[13.819s] Level 5:colcon.colcon_core.verb:set package 'path_planner_server' build argument 'ament_cmake_args' from command line to 'None'
[13.819s] Level 5:colcon.colcon_core.verb:set package 'path_planner_server' build argument 'catkin_cmake_args' from command line to 'None'
[13.819s] Level 5:colcon.colcon_core.verb:set package 'path_planner_server' build argument 'catkin_skip_building_tests' from command line to 'False'
[13.819s] DEBUG:colcon.colcon_core.verb:Building package 'path_planner_server' with the following arguments: {'ament_cmake_args': None, 'build_base': '/home/user/ros2_ws/build/path_planner_server', 'cargo_args': None, 'catkin_cmake_args': None, 'catkin_skip_building_tests': False, 'clean_build': False, 'cmake_args': None, 'cmake_clean_cache': False, 'cmake_clean_first': False, 'cmake_force_configure': False, 'cmake_target': None, 'cmake_target_skip_unavailable': False, 'install_base': '/home/user/ros2_ws/install/path_planner_server', 'lookup_in_workspace': False, 'merge_install': False, 'path': '/home/user/ros2_ws/src/nav2_pkgs/path_planner_server', 'symlink_install': False, 'test_result_base': None}
[13.819s] INFO:colcon.colcon_core.executor:Executing jobs using 'parallel' executor
[13.823s] DEBUG:colcon.colcon_parallel_executor.executor.parallel:run_until_complete
[13.823s] INFO:colcon.colcon_ros.task.ament_cmake.build:Building ROS package in '/home/user/ros2_ws/src/custom_nav2_controller_plugin' with build type 'ament_cmake'
[13.823s] INFO:colcon.colcon_cmake.task.cmake.build:Building CMake package in '/home/user/ros2_ws/src/custom_nav2_controller_plugin'
[13.836s] INFO:colcon.colcon_core.plugin_system:Skipping extension 'colcon_core.shell.bat': Not used on non-Windows systems
[13.836s] INFO:colcon.colcon_core.shell:Skip shell extension 'powershell' for command environment: Not usable outside of PowerShell
[13.836s] DEBUG:colcon.colcon_core.shell:Skip shell extension 'dsv' for command environment
[13.846s] INFO:colcon.colcon_ros.task.ament_python.build:Building ROS package in '/home/user/ros2_ws/src/nav2_pkgs/path_planner_server' with build type 'ament_python'
[13.846s] Level 1:colcon.colcon_core.shell:create_environment_hook('path_planner_server', 'ament_prefix_path')
[13.847s] INFO:colcon.colcon_core.shell:Creating environment hook '/home/user/ros2_ws/install/path_planner_server/share/path_planner_server/hook/ament_prefix_path.ps1'
[13.849s] INFO:colcon.colcon_core.shell:Creating environment descriptor '/home/user/ros2_ws/install/path_planner_server/share/path_planner_server/hook/ament_prefix_path.dsv'
[13.849s] INFO:colcon.colcon_core.shell:Creating environment hook '/home/user/ros2_ws/install/path_planner_server/share/path_planner_server/hook/ament_prefix_path.sh'
[13.851s] INFO:colcon.colcon_core.shell:Skip shell extension 'powershell' for command environment: Not usable outside of PowerShell
[13.851s] DEBUG:colcon.colcon_core.shell:Skip shell extension 'dsv' for command environment
[14.028s] DEBUG:colcon.colcon_core.event_handler.log_command:Invoking command in '/home/user/ros2_ws/build/custom_nav2_controller_plugin': _=/usr/bin/env /usr/bin/cmake --build /home/user/ros2_ws/build/custom_nav2_controller_plugin -- -j8 -l8
[14.330s] INFO:colcon.colcon_core.task.python.build:Building Python package in '/home/user/ros2_ws/src/nav2_pkgs/path_planner_server'
[14.332s] INFO:colcon.colcon_core.shell:Skip shell extension 'powershell' for command environment: Not usable outside of PowerShell
[14.332s] DEBUG:colcon.colcon_core.shell:Skip shell extension 'dsv' for command environment
[16.777s] DEBUG:colcon.colcon_core.event_handler.log_command:Invoking command in '/home/user/ros2_ws/src/nav2_pkgs/path_planner_server': PYTHONPATH=/home/user/ros2_ws/build/path_planner_server/prefix_override:/home/user/ros2_ws/install/path_planner_server/lib/python3.10/site-packages:${PYTHONPATH} _=/usr/bin/env /usr/bin/python3 setup.py egg_info --egg-base ../../../build/path_planner_server build --build-base /home/user/ros2_ws/build/path_planner_server/build install --record /home/user/ros2_ws/build/path_planner_server/install.log --single-version-externally-managed
[17.116s] DEBUG:colcon.colcon_core.event_handler.log_command:Invoked command in '/home/user/ros2_ws/src/nav2_pkgs/path_planner_server' returned '0': PYTHONPATH=/home/user/ros2_ws/build/path_planner_server/prefix_override:/home/user/ros2_ws/install/path_planner_server/lib/python3.10/site-packages:${PYTHONPATH} _=/usr/bin/env /usr/bin/python3 setup.py egg_info --egg-base ../../../build/path_planner_server build --build-base /home/user/ros2_ws/build/path_planner_server/build install --record /home/user/ros2_ws/build/path_planner_server/install.log --single-version-externally-managed
[17.127s] Level 1:colcon.colcon_core.environment:checking '/home/user/ros2_ws/install/path_planner_server' for CMake module files
[17.127s] Level 1:colcon.colcon_core.environment:checking '/home/user/ros2_ws/install/path_planner_server' for CMake config files
[17.128s] Level 1:colcon.colcon_core.environment:checking '/home/user/ros2_ws/install/path_planner_server/lib'
[17.128s] Level 1:colcon.colcon_core.environment:checking '/home/user/ros2_ws/install/path_planner_server/bin'
[17.128s] Level 1:colcon.colcon_core.environment:checking '/home/user/ros2_ws/install/path_planner_server/lib/pkgconfig/path_planner_server.pc'
[17.129s] Level 1:colcon.colcon_core.environment:checking '/home/user/ros2_ws/install/path_planner_server/lib/python3.10/site-packages'
[17.129s] Level 1:colcon.colcon_core.shell:create_environment_hook('path_planner_server', 'pythonpath')
[17.130s] INFO:colcon.colcon_core.shell:Creating environment hook '/home/user/ros2_ws/install/path_planner_server/share/path_planner_server/hook/pythonpath.ps1'
[17.130s] INFO:colcon.colcon_core.shell:Creating environment descriptor '/home/user/ros2_ws/install/path_planner_server/share/path_planner_server/hook/pythonpath.dsv'
[17.131s] INFO:colcon.colcon_core.shell:Creating environment hook '/home/user/ros2_ws/install/path_planner_server/share/path_planner_server/hook/pythonpath.sh'
[17.131s] Level 1:colcon.colcon_core.environment:checking '/home/user/ros2_ws/install/path_planner_server/bin'
[17.131s] Level 1:colcon.colcon_core.environment:create_environment_scripts_only(path_planner_server)
[17.133s] INFO:colcon.colcon_core.shell:Creating package script '/home/user/ros2_ws/install/path_planner_server/share/path_planner_server/package.ps1'
[17.134s] INFO:colcon.colcon_core.shell:Creating package descriptor '/home/user/ros2_ws/install/path_planner_server/share/path_planner_server/package.dsv'
[17.135s] INFO:colcon.colcon_core.shell:Creating package script '/home/user/ros2_ws/install/path_planner_server/share/path_planner_server/package.sh'
[17.136s] INFO:colcon.colcon_core.shell:Creating package script '/home/user/ros2_ws/install/path_planner_server/share/path_planner_server/package.bash'
[17.137s] INFO:colcon.colcon_core.shell:Creating package script '/home/user/ros2_ws/install/path_planner_server/share/path_planner_server/package.zsh'
[17.138s] Level 1:colcon.colcon_core.environment:create_file_with_runtime_dependencies(/home/user/ros2_ws/install/path_planner_server/share/colcon-core/packages/path_planner_server)
[67.490s] DEBUG:colcon.colcon_core.event_handler.log_command:Invoked command in '/home/user/ros2_ws/build/custom_nav2_controller_plugin' returned '0': _=/usr/bin/env /usr/bin/cmake --build /home/user/ros2_ws/build/custom_nav2_controller_plugin -- -j8 -l8
[67.535s] DEBUG:colcon.colcon_core.event_handler.log_command:Invoking command in '/home/user/ros2_ws/build/custom_nav2_controller_plugin': _=/usr/bin/env /usr/bin/cmake --install /home/user/ros2_ws/build/custom_nav2_controller_plugin
[67.551s] Level 1:colcon.colcon_core.environment:create_environment_scripts_only(custom_nav2_controller_plugin)
[67.553s] Level 1:colcon.colcon_core.environment:checking '/home/user/ros2_ws/install/custom_nav2_controller_plugin' for CMake module files
[67.553s] DEBUG:colcon.colcon_core.event_handler.log_command:Invoked command in '/home/user/ros2_ws/build/custom_nav2_controller_plugin' returned '0': _=/usr/bin/env /usr/bin/cmake --install /home/user/ros2_ws/build/custom_nav2_controller_plugin
[67.554s] Level 1:colcon.colcon_core.environment:checking '/home/user/ros2_ws/install/custom_nav2_controller_plugin' for CMake config files
[67.554s] Level 1:colcon.colcon_core.shell:create_environment_hook('custom_nav2_controller_plugin', 'cmake_prefix_path')
[67.555s] INFO:colcon.colcon_core.shell:Creating environment hook '/home/user/ros2_ws/install/custom_nav2_controller_plugin/share/custom_nav2_controller_plugin/hook/cmake_prefix_path.ps1'
[67.556s] INFO:colcon.colcon_core.shell:Creating environment descriptor '/home/user/ros2_ws/install/custom_nav2_controller_plugin/share/custom_nav2_controller_plugin/hook/cmake_prefix_path.dsv'
[67.556s] INFO:colcon.colcon_core.shell:Creating environment hook '/home/user/ros2_ws/install/custom_nav2_controller_plugin/share/custom_nav2_controller_plugin/hook/cmake_prefix_path.sh'
[67.557s] Level 1:colcon.colcon_core.environment:checking '/home/user/ros2_ws/install/custom_nav2_controller_plugin/lib'
[67.557s] Level 1:colcon.colcon_core.shell:create_environment_hook('custom_nav2_controller_plugin', 'ld_library_path_lib')
[67.558s] INFO:colcon.colcon_core.shell:Creating environment hook '/home/user/ros2_ws/install/custom_nav2_controller_plugin/share/custom_nav2_controller_plugin/hook/ld_library_path_lib.ps1'
[67.558s] INFO:colcon.colcon_core.shell:Creating environment descriptor '/home/user/ros2_ws/install/custom_nav2_controller_plugin/share/custom_nav2_controller_plugin/hook/ld_library_path_lib.dsv'
[67.559s] INFO:colcon.colcon_core.shell:Creating environment hook '/home/user/ros2_ws/install/custom_nav2_controller_plugin/share/custom_nav2_controller_plugin/hook/ld_library_path_lib.sh'
[67.559s] Level 1:colcon.colcon_core.environment:checking '/home/user/ros2_ws/install/custom_nav2_controller_plugin/bin'
[67.559s] Level 1:colcon.colcon_core.environment:checking '/home/user/ros2_ws/install/custom_nav2_controller_plugin/lib/pkgconfig/custom_nav2_controller_plugin.pc'
[67.559s] Level 1:colcon.colcon_core.environment:checking '/home/user/ros2_ws/install/custom_nav2_controller_plugin/lib/python3.10/site-packages'
[67.560s] Level 1:colcon.colcon_core.environment:checking '/home/user/ros2_ws/install/custom_nav2_controller_plugin/bin'
[67.561s] INFO:colcon.colcon_core.shell:Creating package script '/home/user/ros2_ws/install/custom_nav2_controller_plugin/share/custom_nav2_controller_plugin/package.ps1'
[67.561s] INFO:colcon.colcon_core.shell:Creating package descriptor '/home/user/ros2_ws/install/custom_nav2_controller_plugin/share/custom_nav2_controller_plugin/package.dsv'
[67.562s] INFO:colcon.colcon_core.shell:Creating package script '/home/user/ros2_ws/install/custom_nav2_controller_plugin/share/custom_nav2_controller_plugin/package.sh'
[67.562s] INFO:colcon.colcon_core.shell:Creating package script '/home/user/ros2_ws/install/custom_nav2_controller_plugin/share/custom_nav2_controller_plugin/package.bash'
[67.563s] INFO:colcon.colcon_core.shell:Creating package script '/home/user/ros2_ws/install/custom_nav2_controller_plugin/share/custom_nav2_controller_plugin/package.zsh'
[67.563s] Level 1:colcon.colcon_core.environment:create_file_with_runtime_dependencies(/home/user/ros2_ws/install/custom_nav2_controller_plugin/share/colcon-core/packages/custom_nav2_controller_plugin)
[67.600s] Level 1:colcon.colcon_core.environment:create_environment_scripts_only(custom_nav2_controller_plugin)
[67.602s] Level 1:colcon.colcon_core.environment:checking '/home/user/ros2_ws/install/custom_nav2_controller_plugin' for CMake module files
[67.603s] Level 1:colcon.colcon_core.environment:checking '/home/user/ros2_ws/install/custom_nav2_controller_plugin' for CMake config files
[67.603s] Level 1:colcon.colcon_core.shell:create_environment_hook('custom_nav2_controller_plugin', 'cmake_prefix_path')
[67.604s] INFO:colcon.colcon_core.shell:Creating environment hook '/home/user/ros2_ws/install/custom_nav2_controller_plugin/share/custom_nav2_controller_plugin/hook/cmake_prefix_path.ps1'
[67.605s] INFO:colcon.colcon_core.shell:Creating environment descriptor '/home/user/ros2_ws/install/custom_nav2_controller_plugin/share/custom_nav2_controller_plugin/hook/cmake_prefix_path.dsv'
[67.605s] INFO:colcon.colcon_core.shell:Creating environment hook '/home/user/ros2_ws/install/custom_nav2_controller_plugin/share/custom_nav2_controller_plugin/hook/cmake_prefix_path.sh'
[67.606s] Level 1:colcon.colcon_core.environment:checking '/home/user/ros2_ws/install/custom_nav2_controller_plugin/lib'
[67.606s] Level 1:colcon.colcon_core.shell:create_environment_hook('custom_nav2_controller_plugin', 'ld_library_path_lib')
[67.608s] INFO:colcon.colcon_core.shell:Creating environment hook '/home/user/ros2_ws/install/custom_nav2_controller_plugin/share/custom_nav2_controller_plugin/hook/ld_library_path_lib.ps1'
[67.608s] INFO:colcon.colcon_core.shell:Creating environment descriptor '/home/user/ros2_ws/install/custom_nav2_controller_plugin/share/custom_nav2_controller_plugin/hook/ld_library_path_lib.dsv'
[67.608s] INFO:colcon.colcon_core.shell:Creating environment hook '/home/user/ros2_ws/install/custom_nav2_controller_plugin/share/custom_nav2_controller_plugin/hook/ld_library_path_lib.sh'
[67.609s] Level 1:colcon.colcon_core.environment:checking '/home/user/ros2_ws/install/custom_nav2_controller_plugin/bin'
[67.609s] Level 1:colcon.colcon_core.environment:checking '/home/user/ros2_ws/install/custom_nav2_controller_plugin/lib/pkgconfig/custom_nav2_controller_plugin.pc'
[67.609s] Level 1:colcon.colcon_core.environment:checking '/home/user/ros2_ws/install/custom_nav2_controller_plugin/lib/python3.10/site-packages'
[67.609s] Level 1:colcon.colcon_core.environment:checking '/home/user/ros2_ws/install/custom_nav2_controller_plugin/bin'
[67.611s] INFO:colcon.colcon_core.shell:Creating package script '/home/user/ros2_ws/install/custom_nav2_controller_plugin/share/custom_nav2_controller_plugin/package.ps1'
[67.611s] INFO:colcon.colcon_core.shell:Creating package descriptor '/home/user/ros2_ws/install/custom_nav2_controller_plugin/share/custom_nav2_controller_plugin/package.dsv'
[67.612s] INFO:colcon.colcon_core.shell:Creating package script '/home/user/ros2_ws/install/custom_nav2_controller_plugin/share/custom_nav2_controller_plugin/package.sh'
[67.612s] INFO:colcon.colcon_core.shell:Creating package script '/home/user/ros2_ws/install/custom_nav2_controller_plugin/share/custom_nav2_controller_plugin/package.bash'
[67.613s] INFO:colcon.colcon_core.shell:Creating package script '/home/user/ros2_ws/install/custom_nav2_controller_plugin/share/custom_nav2_controller_plugin/package.zsh'
[67.613s] Level 1:colcon.colcon_core.environment:create_file_with_runtime_dependencies(/home/user/ros2_ws/install/custom_nav2_controller_plugin/share/colcon-core/packages/custom_nav2_controller_plugin)
[67.614s] DEBUG:colcon.colcon_parallel_executor.executor.parallel:closing loop
[67.615s] DEBUG:colcon.colcon_parallel_executor.executor.parallel:loop closed
[67.615s] DEBUG:colcon.colcon_parallel_executor.executor.parallel:run_until_complete finished with '0'
[67.615s] DEBUG:colcon.colcon_core.event_reactor:joining thread
[67.715s] INFO:colcon.colcon_core.plugin_system:Skipping extension 'colcon_notification.desktop_notification.notify_send': Could not find 'notify-send'
[67.715s] INFO:colcon.colcon_core.plugin_system:Skipping extension 'colcon_notification.desktop_notification.terminal_notifier': Not used on non-Darwin systems
[67.715s] INFO:colcon.colcon_core.plugin_system:Skipping extension 'colcon_notification.desktop_notification.win32': Not used on non-Windows systems
[67.715s] INFO:colcon.colcon_notification.desktop_notification:Sending desktop notification using 'notify2'
[67.719s] DEBUG:colcon.colcon_notification.desktop_notification.notify2:Failed to initialize notify2: org.freedesktop.DBus.Error.Spawn.ExecFailed: /usr/bin/dbus-launch terminated abnormally without any error message
[67.719s] DEBUG:colcon.colcon_core.event_reactor:joined thread
[67.721s] INFO:colcon.colcon_core.shell:Creating prefix script '/home/user/ros2_ws/install/local_setup.ps1'
[67.723s] INFO:colcon.colcon_core.shell:Creating prefix util module '/home/user/ros2_ws/install/_local_setup_util_ps1.py'
[67.726s] INFO:colcon.colcon_core.shell:Creating prefix chain script '/home/user/ros2_ws/install/setup.ps1'
[67.728s] INFO:colcon.colcon_core.shell:Creating prefix script '/home/user/ros2_ws/install/local_setup.sh'
[67.729s] INFO:colcon.colcon_core.shell:Creating prefix util module '/home/user/ros2_ws/install/_local_setup_util_sh.py'
[67.730s] INFO:colcon.colcon_core.shell:Creating prefix chain script '/home/user/ros2_ws/install/setup.sh'
[67.731s] INFO:colcon.colcon_core.shell:Creating prefix script '/home/user/ros2_ws/install/local_setup.bash'
[67.732s] INFO:colcon.colcon_core.shell:Creating prefix chain script '/home/user/ros2_ws/install/setup.bash'
[67.734s] INFO:colcon.colcon_core.shell:Creating prefix script '/home/user/ros2_ws/install/local_setup.zsh'
[67.735s] INFO:colcon.colcon_core.shell:Creating prefix chain script '/home/user/ros2_ws/install/setup.zsh'
