[1.689s] Invoking command in '/home/user/ros2_ws/src/nav2_pkgs/localization_server': PYTHONPATH=/home/user/ros2_ws/build/localization_server/prefix_override:/home/user/ros2_ws/install/localization_server/lib/python3.10/site-packages:${PYTHONPATH} _=/usr/bin/env /usr/bin/python3 setup.py egg_info --egg-base ../../../build/localization_server build --build-base /home/user/ros2_ws/build/localization_server/build install --record /home/user/ros2_ws/build/localization_server/install.log --single-version-externally-managed
[1.992s] running egg_info
[1.993s] writing ../../../build/localization_server/localization_server.egg-info/PKG-INFO
[1.993s] writing dependency_links to ../../../build/localization_server/localization_server.egg-info/dependency_links.txt
[1.993s] writing entry points to ../../../build/localization_server/localization_server.egg-info/entry_points.txt
[1.993s] writing requirements to ../../../build/localization_server/localization_server.egg-info/requires.txt
[1.994s] writing top-level names to ../../../build/localization_server/localization_server.egg-info/top_level.txt
[1.995s] reading manifest file '../../../build/localization_server/localization_server.egg-info/SOURCES.txt'
[1.996s] writing manifest file '../../../build/localization_server/localization_server.egg-info/SOURCES.txt'
[1.996s] running build
[1.996s] running build_py
[1.997s] running install
[1.997s] running install_lib
[1.998s] running install_data
[1.998s] running install_egg_info
[2.000s] removing '/home/user/ros2_ws/install/localization_server/lib/python3.10/site-packages/localization_server-0.0.0-py3.10.egg-info' (and everything under it)
[2.000s] Copying ../../../build/localization_server/localization_server.egg-info to /home/user/ros2_ws/install/localization_server/lib/python3.10/site-packages/localization_server-0.0.0-py3.10.egg-info
[2.001s] running install_scripts
[2.021s] writing list of installed files to '/home/user/ros2_ws/build/localization_server/install.log'
[2.046s] Invoked command in '/home/user/ros2_ws/src/nav2_pkgs/localization_server' returned '0': PYTHONPATH=/home/user/ros2_ws/build/localization_server/prefix_override:/home/user/ros2_ws/install/localization_server/lib/python3.10/site-packages:${PYTHONPATH} _=/usr/bin/env /usr/bin/python3 setup.py egg_info --egg-base ../../../build/localization_server build --build-base /home/user/ros2_ws/build/localization_server/build install --record /home/user/ros2_ws/build/localization_server/install.log --single-version-externally-managed
