[3.590s] Invoking command in '/home/user/ros2_ws/src/nav2_pkgs/localization_server': PYTHONPATH=/home/user/ros2_ws/build/localization_server/prefix_override:/home/user/ros2_ws/install/localization_server/lib/python3.10/site-packages:${PYTHONPATH} _=/usr/bin/env /usr/bin/python3 setup.py egg_info --egg-base ../../../build/localization_server build --build-base /home/user/ros2_ws/build/localization_server/build install --record /home/user/ros2_ws/build/localization_server/install.log --single-version-externally-managed
[3.891s] running egg_info
[3.892s] writing ../../../build/localization_server/localization_server.egg-info/PKG-INFO
[3.893s] writing dependency_links to ../../../build/localization_server/localization_server.egg-info/dependency_links.txt
[3.895s] writing entry points to ../../../build/localization_server/localization_server.egg-info/entry_points.txt
[3.897s] writing requirements to ../../../build/localization_server/localization_server.egg-info/requires.txt
[3.898s] writing top-level names to ../../../build/localization_server/localization_server.egg-info/top_level.txt
[3.901s] reading manifest file '../../../build/localization_server/localization_server.egg-info/SOURCES.txt'
[3.902s] writing manifest file '../../../build/localization_server/localization_server.egg-info/SOURCES.txt'
[3.902s] running build
[3.902s] running build_py
[3.902s] running install
[3.903s] running install_lib
[3.903s] running install_data
[3.904s] running install_egg_info
[3.906s] removing '/home/user/ros2_ws/install/localization_server/lib/python3.10/site-packages/localization_server-0.0.0-py3.10.egg-info' (and everything under it)
[3.906s] Copying ../../../build/localization_server/localization_server.egg-info to /home/user/ros2_ws/install/localization_server/lib/python3.10/site-packages/localization_server-0.0.0-py3.10.egg-info
[3.907s] running install_scripts
[3.930s] writing list of installed files to '/home/user/ros2_ws/build/localization_server/install.log'
[3.991s] Invoked command in '/home/user/ros2_ws/src/nav2_pkgs/localization_server' returned '0': PYTHONPATH=/home/user/ros2_ws/build/localization_server/prefix_override:/home/user/ros2_ws/install/localization_server/lib/python3.10/site-packages:${PYTHONPATH} _=/usr/bin/env /usr/bin/python3 setup.py egg_info --egg-base ../../../build/localization_server build --build-base /home/user/ros2_ws/build/localization_server/build install --record /home/user/ros2_ws/build/localization_server/install.log --single-version-externally-managed
