/home/user/ros2_ws/install/map_server/lib/python3.10/site-packages/map_server/__init__.py
/home/user/ros2_ws/install/map_server/lib/python3.10/site-packages/map_server/__pycache__/__init__.cpython-310.pyc
/home/user/ros2_ws/install/map_server/share/ament_index/resource_index/packages/map_server
/home/user/ros2_ws/install/map_server/share/map_server/package.xml
/home/user/ros2_ws/install/map_server/share/map_server/launch/nav2_map_server.launch.py
/home/user/ros2_ws/install/map_server/share/map_server/rviz_config
/home/user/ros2_ws/install/map_server/share/map_server/maps/map_speed.pgm
/home/user/ros2_ws/install/map_server/share/map_server/maps/neobotix_area.pgm
/home/user/ros2_ws/install/map_server/share/map_server/maps/map_keepout.pgm
/home/user/ros2_ws/install/map_server/share/map_server/maps/neobotix_area.yaml
/home/user/ros2_ws/install/map_server/share/map_server/maps/map_rotated.png
/home/user/ros2_ws/install/map_server/share/map_server/maps/map.pgm
/home/user/ros2_ws/install/map_server/share/map_server/maps/map_rotated.pgm
/home/user/ros2_ws/install/map_server/share/map_server/maps/map_speed.yaml
/home/user/ros2_ws/install/map_server/share/map_server/maps/map.yaml
/home/user/ros2_ws/install/map_server/share/map_server/maps/map_keepout.yaml
/home/user/ros2_ws/install/map_server/lib/python3.10/site-packages/map_server-0.0.0-py3.10.egg-info/PKG-INFO
/home/user/ros2_ws/install/map_server/lib/python3.10/site-packages/map_server-0.0.0-py3.10.egg-info/zip-safe
/home/user/ros2_ws/install/map_server/lib/python3.10/site-packages/map_server-0.0.0-py3.10.egg-info/top_level.txt
/home/user/ros2_ws/install/map_server/lib/python3.10/site-packages/map_server-0.0.0-py3.10.egg-info/requires.txt
/home/user/ros2_ws/install/map_server/lib/python3.10/site-packages/map_server-0.0.0-py3.10.egg-info/entry_points.txt
/home/user/ros2_ws/install/map_server/lib/python3.10/site-packages/map_server-0.0.0-py3.10.egg-info/SOURCES.txt
/home/user/ros2_ws/install/map_server/lib/python3.10/site-packages/map_server-0.0.0-py3.10.egg-info/dependency_links.txt
