[0.017s] Invoking command in '/home/user/ros2_ws/build/custom_nav2_planner_plugin': CMAKE_PREFIX_PATH=${CMAKE_PREFIX_PATH}:/home/user/install/path_planner_server:/home/user/install/nav2_new_features:/home/user/install/map_server:/home/user/install/localization_server:/home/user/ros2_ws/install/path_planner_server:/home/user/ros2_ws/install/nav2_new_features:/home/user/ros2_ws/install/map_server:/home/user/ros2_ws/install/localization_server _=/usr/bin/env /usr/bin/cmake /home/user/ros2_ws/src/custom_nav2_planner_plugin -DCMAKE_INSTALL_PREFIX=/home/user/ros2_ws/install/custom_nav2_planner_plugin
[0.071s] -- The C compiler identification is GNU 11.3.0
[0.122s] -- The CXX compiler identification is GNU 11.3.0
[0.129s] -- Detecting C compiler ABI info
[0.197s] -- Detecting C compiler ABI info - done
[0.204s] -- Check for working C compiler: /usr/bin/cc - skipped
[0.204s] -- Detecting C compile features
[0.204s] -- Detecting C compile features - done
[0.208s] -- Detecting CXX compiler ABI info
[0.284s] -- Detecting CXX compiler ABI info - done
[0.291s] -- Check for working CXX compiler: /usr/bin/c++ - skipped
[0.291s] -- Detecting CXX compile features
[0.292s] -- Detecting CXX compile features - done
[0.296s] -- Found ament_cmake: 1.3.4 (/opt/ros/humble/share/ament_cmake/cmake)
[0.482s] -- Found Python3: /usr/bin/python3.10 (found version "3.10.6") found components: Interpreter 
[0.601s] -- Found rclcpp: 16.0.4 (/opt/ros/humble/share/rclcpp/cmake)
[0.665s] -- Found rosidl_generator_c: 3.1.4 (/opt/ros/humble/share/rosidl_generator_c/cmake)
[0.673s] -- Found rosidl_adapter: 3.1.4 (/opt/ros/humble/share/rosidl_adapter/cmake)
[0.685s] -- Found rosidl_generator_cpp: 3.1.4 (/opt/ros/humble/share/rosidl_generator_cpp/cmake)
[0.703s] -- Using all available rosidl_typesupport_c: rosidl_typesupport_fastrtps_c;rosidl_typesupport_introspection_c
[0.728s] -- Using all available rosidl_typesupport_cpp: rosidl_typesupport_fastrtps_cpp;rosidl_typesupport_introspection_cpp
[0.818s] -- Found rmw_implementation_cmake: 6.1.1 (/opt/ros/humble/share/rmw_implementation_cmake/cmake)
[0.823s] -- Found rmw_fastrtps_cpp: 6.2.2 (/opt/ros/humble/share/rmw_fastrtps_cpp/cmake)
[0.935s] -- Found OpenSSL: /usr/lib/x86_64-linux-gnu/libcrypto.so (found version "3.0.2")  
[0.974s] -- Found FastRTPS: /opt/ros/humble/include  
[1.043s] -- Using RMW implementation 'rmw_fastrtps_cpp' as default
[1.059s] -- Looking for pthread.h
[1.136s] -- Looking for pthread.h - found
[1.137s] -- Performing Test CMAKE_HAVE_LIBC_PTHREAD
[1.213s] -- Performing Test CMAKE_HAVE_LIBC_PTHREAD - Success
[1.214s] -- Found Threads: TRUE  
[1.414s] -- Found rclcpp_action: 16.0.4 (/opt/ros/humble/share/rclcpp_action/cmake)
[1.531s] -- Found rclcpp_lifecycle: 16.0.4 (/opt/ros/humble/share/rclcpp_lifecycle/cmake)
[1.582s] -- Found visualization_msgs: 4.2.3 (/opt/ros/humble/share/visualization_msgs/cmake)
[1.882s] -- Found nav2_util: 1.1.6 (/opt/ros/humble/share/nav2_util/cmake)
[2.549s] -- Found eigen3_cmake_module: 0.1.1 (/opt/ros/humble/share/eigen3_cmake_module/cmake)
[2.550s] -- Found Eigen3: TRUE (found version "3.4.0") 
[2.550s] -- Ensuring Eigen3 include directory is part of orocos-kdl CMake target
[2.761s] -- Found nav2_costmap_2d: 1.1.6 (/opt/ros/humble/share/nav2_costmap_2d/cmake)
[3.704s] -- Found nav2_core: 1.1.6 (/opt/ros/humble/share/nav2_core/cmake)
[4.581s] -- Found ament_lint_auto: 0.12.6 (/opt/ros/humble/share/ament_lint_auto/cmake)
[4.676s] -- Added test 'lint_cmake' to check CMake code style
[4.677s] -- Added test 'xmllint' to check XML markup files
[4.679s] -- Configuring done
[4.686s] -- Generating done
[4.688s] -- Build files have been written to: /home/user/ros2_ws/build/custom_nav2_planner_plugin
[4.702s] Invoked command in '/home/user/ros2_ws/build/custom_nav2_planner_plugin' returned '0': CMAKE_PREFIX_PATH=${CMAKE_PREFIX_PATH}:/home/user/install/path_planner_server:/home/user/install/nav2_new_features:/home/user/install/map_server:/home/user/install/localization_server:/home/user/ros2_ws/install/path_planner_server:/home/user/ros2_ws/install/nav2_new_features:/home/user/ros2_ws/install/map_server:/home/user/ros2_ws/install/localization_server _=/usr/bin/env /usr/bin/cmake /home/user/ros2_ws/src/custom_nav2_planner_plugin -DCMAKE_INSTALL_PREFIX=/home/user/ros2_ws/install/custom_nav2_planner_plugin
[4.704s] Invoking command in '/home/user/ros2_ws/build/custom_nav2_planner_plugin': CMAKE_PREFIX_PATH=${CMAKE_PREFIX_PATH}:/home/user/install/path_planner_server:/home/user/install/nav2_new_features:/home/user/install/map_server:/home/user/install/localization_server:/home/user/ros2_ws/install/path_planner_server:/home/user/ros2_ws/install/nav2_new_features:/home/user/ros2_ws/install/map_server:/home/user/ros2_ws/install/localization_server _=/usr/bin/env /usr/bin/cmake --build /home/user/ros2_ws/build/custom_nav2_planner_plugin -- -j8 -l8
[4.742s] Invoked command in '/home/user/ros2_ws/build/custom_nav2_planner_plugin' returned '0': CMAKE_PREFIX_PATH=${CMAKE_PREFIX_PATH}:/home/user/install/path_planner_server:/home/user/install/nav2_new_features:/home/user/install/map_server:/home/user/install/localization_server:/home/user/ros2_ws/install/path_planner_server:/home/user/ros2_ws/install/nav2_new_features:/home/user/ros2_ws/install/map_server:/home/user/ros2_ws/install/localization_server _=/usr/bin/env /usr/bin/cmake --build /home/user/ros2_ws/build/custom_nav2_planner_plugin -- -j8 -l8
[4.776s] Invoking command in '/home/user/ros2_ws/build/custom_nav2_planner_plugin': CMAKE_PREFIX_PATH=${CMAKE_PREFIX_PATH}:/home/user/install/path_planner_server:/home/user/install/nav2_new_features:/home/user/install/map_server:/home/user/install/localization_server:/home/user/ros2_ws/install/path_planner_server:/home/user/ros2_ws/install/nav2_new_features:/home/user/ros2_ws/install/map_server:/home/user/ros2_ws/install/localization_server _=/usr/bin/env /usr/bin/cmake --install /home/user/ros2_ws/build/custom_nav2_planner_plugin
[4.782s] -- Install configuration: ""
[4.783s] -- Installing: /home/user/ros2_ws/install/custom_nav2_planner_plugin/share/ament_index/resource_index/package_run_dependencies/custom_nav2_planner_plugin
[4.783s] -- Installing: /home/user/ros2_ws/install/custom_nav2_planner_plugin/share/ament_index/resource_index/parent_prefix_path/custom_nav2_planner_plugin
[4.783s] -- Installing: /home/user/ros2_ws/install/custom_nav2_planner_plugin/share/custom_nav2_planner_plugin/environment/ament_prefix_path.sh
[4.783s] -- Installing: /home/user/ros2_ws/install/custom_nav2_planner_plugin/share/custom_nav2_planner_plugin/environment/ament_prefix_path.dsv
[4.784s] -- Installing: /home/user/ros2_ws/install/custom_nav2_planner_plugin/share/custom_nav2_planner_plugin/environment/path.sh
[4.784s] -- Installing: /home/user/ros2_ws/install/custom_nav2_planner_plugin/share/custom_nav2_planner_plugin/environment/path.dsv
[4.784s] -- Installing: /home/user/ros2_ws/install/custom_nav2_planner_plugin/share/custom_nav2_planner_plugin/local_setup.bash
[4.784s] -- Installing: /home/user/ros2_ws/install/custom_nav2_planner_plugin/share/custom_nav2_planner_plugin/local_setup.sh
[4.784s] -- Installing: /home/user/ros2_ws/install/custom_nav2_planner_plugin/share/custom_nav2_planner_plugin/local_setup.zsh
[4.784s] -- Installing: /home/user/ros2_ws/install/custom_nav2_planner_plugin/share/custom_nav2_planner_plugin/local_setup.dsv
[4.785s] -- Installing: /home/user/ros2_ws/install/custom_nav2_planner_plugin/share/custom_nav2_planner_plugin/package.dsv
[4.785s] -- Installing: /home/user/ros2_ws/install/custom_nav2_planner_plugin/share/ament_index/resource_index/packages/custom_nav2_planner_plugin
[4.785s] -- Installing: /home/user/ros2_ws/install/custom_nav2_planner_plugin/share/custom_nav2_planner_plugin/cmake/custom_nav2_planner_pluginConfig.cmake
[4.785s] -- Installing: /home/user/ros2_ws/install/custom_nav2_planner_plugin/share/custom_nav2_planner_plugin/cmake/custom_nav2_planner_pluginConfig-version.cmake
[4.785s] -- Installing: /home/user/ros2_ws/install/custom_nav2_planner_plugin/share/custom_nav2_planner_plugin/package.xml
[4.788s] Invoked command in '/home/user/ros2_ws/build/custom_nav2_planner_plugin' returned '0': CMAKE_PREFIX_PATH=${CMAKE_PREFIX_PATH}:/home/user/install/path_planner_server:/home/user/install/nav2_new_features:/home/user/install/map_server:/home/user/install/localization_server:/home/user/ros2_ws/install/path_planner_server:/home/user/ros2_ws/install/nav2_new_features:/home/user/ros2_ws/install/map_server:/home/user/ros2_ws/install/localization_server _=/usr/bin/env /usr/bin/cmake --install /home/user/ros2_ws/build/custom_nav2_planner_plugin
