running egg_info
creating ../../../build/path_planner_server/path_planner_server.egg-info
writing ../../../build/path_planner_server/path_planner_server.egg-info/PKG-INFO
writing dependency_links to ../../../build/path_planner_server/path_planner_server.egg-info/dependency_links.txt
writing entry points to ../../../build/path_planner_server/path_planner_server.egg-info/entry_points.txt
writing requirements to ../../../build/path_planner_server/path_planner_server.egg-info/requires.txt
writing top-level names to ../../../build/path_planner_server/path_planner_server.egg-info/top_level.txt
writing manifest file '../../../build/path_planner_server/path_planner_server.egg-info/SOURCES.txt'
reading manifest file '../../../build/path_planner_server/path_planner_server.egg-info/SOURCES.txt'
writing manifest file '../../../build/path_planner_server/path_planner_server.egg-info/SOURCES.txt'
running build
running build_py
creating /home/user/ros2_ws/build/path_planner_server/build
creating /home/user/ros2_ws/build/path_planner_server/build/lib
creating /home/user/ros2_ws/build/path_planner_server/build/lib/path_planner_server
copying path_planner_server/__init__.py -> /home/user/ros2_ws/build/path_planner_server/build/lib/path_planner_server
running install
running install_lib
creating /home/user/ros2_ws/install/path_planner_server/lib/python3.10/site-packages/path_planner_server
copying /home/user/ros2_ws/build/path_planner_server/build/lib/path_planner_server/__init__.py -> /home/user/ros2_ws/install/path_planner_server/lib/python3.10/site-packages/path_planner_server
byte-compiling /home/user/ros2_ws/install/path_planner_server/lib/python3.10/site-packages/path_planner_server/__init__.py to __init__.cpython-310.pyc
running install_data
creating /home/user/ros2_ws/install/path_planner_server/share/ament_index
creating /home/user/ros2_ws/install/path_planner_server/share/ament_index/resource_index
creating /home/user/ros2_ws/install/path_planner_server/share/ament_index/resource_index/packages
copying resource/path_planner_server -> /home/user/ros2_ws/install/path_planner_server/share/ament_index/resource_index/packages
copying package.xml -> /home/user/ros2_ws/install/path_planner_server/share/path_planner_server
creating /home/user/ros2_ws/install/path_planner_server/share/path_planner_server/launch
copying launch/pathplanner_custom_costmap_plugin.launch.py -> /home/user/ros2_ws/install/path_planner_server/share/path_planner_server/launch
copying launch/pathplanner.launch.py -> /home/user/ros2_ws/install/path_planner_server/share/path_planner_server/launch
copying launch/navigation.launch.py -> /home/user/ros2_ws/install/path_planner_server/share/path_planner_server/launch
copying launch/pathplanner_custom_crazy_costmap.launch.py -> /home/user/ros2_ws/install/path_planner_server/share/path_planner_server/launch
copying launch/neobotix_navigation.launch.py -> /home/user/ros2_ws/install/path_planner_server/share/path_planner_server/launch
copying launch/low_battery.launch.py -> /home/user/ros2_ws/install/path_planner_server/share/path_planner_server/launch
creating /home/user/ros2_ws/install/path_planner_server/share/path_planner_server/config
copying config/controller.yaml -> /home/user/ros2_ws/install/path_planner_server/share/path_planner_server/config
copying config/recovery.yaml -> /home/user/ros2_ws/install/path_planner_server/share/path_planner_server/config
copying config/planner_server.yaml -> /home/user/ros2_ws/install/path_planner_server/share/path_planner_server/config
copying config/low_battery_controller.yaml -> /home/user/ros2_ws/install/path_planner_server/share/path_planner_server/config
copying config/low_battery_planner_server.yaml -> /home/user/ros2_ws/install/path_planner_server/share/path_planner_server/config
copying config/bt_navigator.yaml -> /home/user/ros2_ws/install/path_planner_server/share/path_planner_server/config
copying config/filters.yaml -> /home/user/ros2_ws/install/path_planner_server/share/path_planner_server/config
copying config/neobotix_controller.yaml -> /home/user/ros2_ws/install/path_planner_server/share/path_planner_server/config
copying config/neobotix_planner_server.yaml -> /home/user/ros2_ws/install/path_planner_server/share/path_planner_server/config
copying config/waypoint_follower.yaml -> /home/user/ros2_ws/install/path_planner_server/share/path_planner_server/config
creating /home/user/ros2_ws/install/path_planner_server/share/path_planner_server/custom_costmap
copying custom_costmap/controller.yaml -> /home/user/ros2_ws/install/path_planner_server/share/path_planner_server/custom_costmap
copying custom_costmap/planner_server.yaml -> /home/user/ros2_ws/install/path_planner_server/share/path_planner_server/custom_costmap
creating /home/user/ros2_ws/install/path_planner_server/share/path_planner_server/my_custom_crazy_costmap
copying my_custom_crazy_costmap/controller.yaml -> /home/user/ros2_ws/install/path_planner_server/share/path_planner_server/my_custom_crazy_costmap
copying my_custom_crazy_costmap/planner_server.yaml -> /home/user/ros2_ws/install/path_planner_server/share/path_planner_server/my_custom_crazy_costmap
running install_egg_info
Copying ../../../build/path_planner_server/path_planner_server.egg-info to /home/user/ros2_ws/install/path_planner_server/lib/python3.10/site-packages/path_planner_server-0.0.0-py3.10.egg-info
running install_scripts
writing list of installed files to '/home/user/ros2_ws/build/path_planner_server/install.log'
