[1.692s] Invoking command in '/home/user/ros2_ws/src/nav2_pkgs/path_planner_server': PYTHONPATH=/home/user/ros2_ws/build/path_planner_server/prefix_override:/home/user/ros2_ws/install/path_planner_server/lib/python3.10/site-packages:${PYTHONPATH} _=/usr/bin/env /usr/bin/python3 setup.py egg_info --egg-base ../../../build/path_planner_server build --build-base /home/user/ros2_ws/build/path_planner_server/build install --record /home/user/ros2_ws/build/path_planner_server/install.log --single-version-externally-managed
[2.059s] running egg_info
[2.060s] creating ../../../build/path_planner_server/path_planner_server.egg-info
[2.060s] writing ../../../build/path_planner_server/path_planner_server.egg-info/PKG-INFO
[2.060s] writing dependency_links to ../../../build/path_planner_server/path_planner_server.egg-info/dependency_links.txt
[2.060s] writing entry points to ../../../build/path_planner_server/path_planner_server.egg-info/entry_points.txt
[2.060s] writing requirements to ../../../build/path_planner_server/path_planner_server.egg-info/requires.txt
[2.060s] writing top-level names to ../../../build/path_planner_server/path_planner_server.egg-info/top_level.txt
[2.060s] writing manifest file '../../../build/path_planner_server/path_planner_server.egg-info/SOURCES.txt'
[2.061s] reading manifest file '../../../build/path_planner_server/path_planner_server.egg-info/SOURCES.txt'
[2.063s] writing manifest file '../../../build/path_planner_server/path_planner_server.egg-info/SOURCES.txt'
[2.063s] running build
[2.063s] running build_py
[2.063s] creating /home/user/ros2_ws/build/path_planner_server/build
[2.063s] creating /home/user/ros2_ws/build/path_planner_server/build/lib
[2.063s] creating /home/user/ros2_ws/build/path_planner_server/build/lib/path_planner_server
[2.064s] copying path_planner_server/__init__.py -> /home/user/ros2_ws/build/path_planner_server/build/lib/path_planner_server
[2.064s] running install
[2.064s] running install_lib
[2.065s] creating /home/user/ros2_ws/install/path_planner_server/lib/python3.10/site-packages/path_planner_server
[2.065s] copying /home/user/ros2_ws/build/path_planner_server/build/lib/path_planner_server/__init__.py -> /home/user/ros2_ws/install/path_planner_server/lib/python3.10/site-packages/path_planner_server
[2.066s] byte-compiling /home/user/ros2_ws/install/path_planner_server/lib/python3.10/site-packages/path_planner_server/__init__.py to __init__.cpython-310.pyc
[2.067s] running install_data
[2.067s] creating /home/user/ros2_ws/install/path_planner_server/share/ament_index
[2.067s] creating /home/user/ros2_ws/install/path_planner_server/share/ament_index/resource_index
[2.068s] creating /home/user/ros2_ws/install/path_planner_server/share/ament_index/resource_index/packages
[2.069s] copying resource/path_planner_server -> /home/user/ros2_ws/install/path_planner_server/share/ament_index/resource_index/packages
[2.069s] copying package.xml -> /home/user/ros2_ws/install/path_planner_server/share/path_planner_server
[2.070s] creating /home/user/ros2_ws/install/path_planner_server/share/path_planner_server/launch
[2.070s] copying launch/pathplanner_custom_costmap_plugin.launch.py -> /home/user/ros2_ws/install/path_planner_server/share/path_planner_server/launch
[2.070s] copying launch/pathplanner.launch.py -> /home/user/ros2_ws/install/path_planner_server/share/path_planner_server/launch
[2.070s] copying launch/navigation.launch.py -> /home/user/ros2_ws/install/path_planner_server/share/path_planner_server/launch
[2.070s] copying launch/pathplanner_custom_crazy_costmap.launch.py -> /home/user/ros2_ws/install/path_planner_server/share/path_planner_server/launch
[2.071s] copying launch/neobotix_navigation.launch.py -> /home/user/ros2_ws/install/path_planner_server/share/path_planner_server/launch
[2.071s] copying launch/low_battery.launch.py -> /home/user/ros2_ws/install/path_planner_server/share/path_planner_server/launch
[2.071s] creating /home/user/ros2_ws/install/path_planner_server/share/path_planner_server/config
[2.071s] copying config/controller.yaml -> /home/user/ros2_ws/install/path_planner_server/share/path_planner_server/config
[2.071s] copying config/recovery.yaml -> /home/user/ros2_ws/install/path_planner_server/share/path_planner_server/config
[2.071s] copying config/planner_server.yaml -> /home/user/ros2_ws/install/path_planner_server/share/path_planner_server/config
[2.072s] copying config/low_battery_controller.yaml -> /home/user/ros2_ws/install/path_planner_server/share/path_planner_server/config
[2.073s] copying config/low_battery_planner_server.yaml -> /home/user/ros2_ws/install/path_planner_server/share/path_planner_server/config
[2.074s] copying config/bt_navigator.yaml -> /home/user/ros2_ws/install/path_planner_server/share/path_planner_server/config
[2.075s] copying config/filters.yaml -> /home/user/ros2_ws/install/path_planner_server/share/path_planner_server/config
[2.075s] copying config/neobotix_controller.yaml -> /home/user/ros2_ws/install/path_planner_server/share/path_planner_server/config
[2.076s] copying config/neobotix_planner_server.yaml -> /home/user/ros2_ws/install/path_planner_server/share/path_planner_server/config
[2.077s] copying config/waypoint_follower.yaml -> /home/user/ros2_ws/install/path_planner_server/share/path_planner_server/config
[2.077s] creating /home/user/ros2_ws/install/path_planner_server/share/path_planner_server/custom_costmap
[2.078s] copying custom_costmap/controller.yaml -> /home/user/ros2_ws/install/path_planner_server/share/path_planner_server/custom_costmap
[2.079s] copying custom_costmap/planner_server.yaml -> /home/user/ros2_ws/install/path_planner_server/share/path_planner_server/custom_costmap
[2.079s] creating /home/user/ros2_ws/install/path_planner_server/share/path_planner_server/my_custom_crazy_costmap
[2.085s] copying my_custom_crazy_costmap/controller.yaml -> /home/user/ros2_ws/install/path_planner_server/share/path_planner_server/my_custom_crazy_costmap
[2.085s] copying my_custom_crazy_costmap/planner_server.yaml -> /home/user/ros2_ws/install/path_planner_server/share/path_planner_server/my_custom_crazy_costmap
[2.085s] running install_egg_info
[2.086s] Copying ../../../build/path_planner_server/path_planner_server.egg-info to /home/user/ros2_ws/install/path_planner_server/lib/python3.10/site-packages/path_planner_server-0.0.0-py3.10.egg-info
[2.086s] running install_scripts
[2.109s] writing list of installed files to '/home/user/ros2_ws/build/path_planner_server/install.log'
[2.150s] Invoked command in '/home/user/ros2_ws/src/nav2_pkgs/path_planner_server' returned '0': PYTHONPATH=/home/user/ros2_ws/build/path_planner_server/prefix_override:/home/user/ros2_ws/install/path_planner_server/lib/python3.10/site-packages:${PYTHONPATH} _=/usr/bin/env /usr/bin/python3 setup.py egg_info --egg-base ../../../build/path_planner_server build --build-base /home/user/ros2_ws/build/path_planner_server/build install --record /home/user/ros2_ws/build/path_planner_server/install.log --single-version-externally-managed
